../Core/Src/main_test.c:108:6:vTask_LCD_Print	8	static
../Core/Src/main_test.c:114:6:vTask_Desloca_Bola	16	static
../Core/Src/main_test.c:187:6:vTask_Desloca_Base	8	static
../Core/Src/main_test.c:513:6:StartDefaultTask	8	static
../Core/Src/main_test.c:96:6:HAL_ADC_ConvCpltCallback	0	static
../Core/Src/main_test.c:343:6:SystemClock_Config	96	static,ignoring_inline_asm
../Core/Src/main_test.c:225:5:main	88	static,ignoring_inline_asm
../Core/Src/main_test.c:532:6:HAL_TIM_PeriodElapsedCallback	0	static
../Core/Src/main_test.c:549:6:Error_Handler	0	static,ignoring_inline_asm
