Archive member included to satisfy reference by file (symbol)

c:/st/stm32cubeide_1.11.2/stm32cubeide/plugins/com.st.stm32cube.ide.mcu.externaltools.gnu-tools-for-stm32.10.3-2021.10.win32_1.0.100.202210260954/tools/bin/../lib/gcc/arm-none-eabi/10.3.1/../../../../arm-none-eabi/lib/thumb/v7-m/nofp\libc_nano.a(lib_a-errno.o)
                              ./Core/Src/syscalls.o (__errno)
c:/st/stm32cubeide_1.11.2/stm32cubeide/plugins/com.st.stm32cube.ide.mcu.externaltools.gnu-tools-for-stm32.10.3-2021.10.win32_1.0.100.202210260954/tools/bin/../lib/gcc/arm-none-eabi/10.3.1/../../../../arm-none-eabi/lib/thumb/v7-m/nofp\libc_nano.a(lib_a-exit.o)
                              c:/st/stm32cubeide_1.11.2/stm32cubeide/plugins/com.st.stm32cube.ide.mcu.externaltools.gnu-tools-for-stm32.10.3-2021.10.win32_1.0.100.202210260954/tools/bin/../lib/gcc/arm-none-eabi/10.3.1/../../../../arm-none-eabi/lib/thumb/v7-m/nofp/crt0.o (exit)
c:/st/stm32cubeide_1.11.2/stm32cubeide/plugins/com.st.stm32cube.ide.mcu.externaltools.gnu-tools-for-stm32.10.3-2021.10.win32_1.0.100.202210260954/tools/bin/../lib/gcc/arm-none-eabi/10.3.1/../../../../arm-none-eabi/lib/thumb/v7-m/nofp\libc_nano.a(lib_a-findfp.o)
                              ./Middlewares/Third_Party/FreeRTOS/Source/tasks.o (__sf_fake_stderr)
c:/st/stm32cubeide_1.11.2/stm32cubeide/plugins/com.st.stm32cube.ide.mcu.externaltools.gnu-tools-for-stm32.10.3-2021.10.win32_1.0.100.202210260954/tools/bin/../lib/gcc/arm-none-eabi/10.3.1/../../../../arm-none-eabi/lib/thumb/v7-m/nofp\libc_nano.a(lib_a-fwalk.o)
                              c:/st/stm32cubeide_1.11.2/stm32cubeide/plugins/com.st.stm32cube.ide.mcu.externaltools.gnu-tools-for-stm32.10.3-2021.10.win32_1.0.100.202210260954/tools/bin/../lib/gcc/arm-none-eabi/10.3.1/../../../../arm-none-eabi/lib/thumb/v7-m/nofp\libc_nano.a(lib_a-findfp.o) (_fwalk)
c:/st/stm32cubeide_1.11.2/stm32cubeide/plugins/com.st.stm32cube.ide.mcu.externaltools.gnu-tools-for-stm32.10.3-2021.10.win32_1.0.100.202210260954/tools/bin/../lib/gcc/arm-none-eabi/10.3.1/../../../../arm-none-eabi/lib/thumb/v7-m/nofp\libc_nano.a(lib_a-impure.o)
                              c:/st/stm32cubeide_1.11.2/stm32cubeide/plugins/com.st.stm32cube.ide.mcu.externaltools.gnu-tools-for-stm32.10.3-2021.10.win32_1.0.100.202210260954/tools/bin/../lib/gcc/arm-none-eabi/10.3.1/../../../../arm-none-eabi/lib/thumb/v7-m/nofp\libc_nano.a(lib_a-exit.o) (_global_impure_ptr)
c:/st/stm32cubeide_1.11.2/stm32cubeide/plugins/com.st.stm32cube.ide.mcu.externaltools.gnu-tools-for-stm32.10.3-2021.10.win32_1.0.100.202210260954/tools/bin/../lib/gcc/arm-none-eabi/10.3.1/../../../../arm-none-eabi/lib/thumb/v7-m/nofp\libc_nano.a(lib_a-init.o)
                              c:/st/stm32cubeide_1.11.2/stm32cubeide/plugins/com.st.stm32cube.ide.mcu.externaltools.gnu-tools-for-stm32.10.3-2021.10.win32_1.0.100.202210260954/tools/bin/../lib/gcc/arm-none-eabi/10.3.1/../../../../arm-none-eabi/lib/thumb/v7-m/nofp/crt0.o (__libc_init_array)
c:/st/stm32cubeide_1.11.2/stm32cubeide/plugins/com.st.stm32cube.ide.mcu.externaltools.gnu-tools-for-stm32.10.3-2021.10.win32_1.0.100.202210260954/tools/bin/../lib/gcc/arm-none-eabi/10.3.1/../../../../arm-none-eabi/lib/thumb/v7-m/nofp\libc_nano.a(lib_a-lock.o)
                              c:/st/stm32cubeide_1.11.2/stm32cubeide/plugins/com.st.stm32cube.ide.mcu.externaltools.gnu-tools-for-stm32.10.3-2021.10.win32_1.0.100.202210260954/tools/bin/../lib/gcc/arm-none-eabi/10.3.1/../../../../arm-none-eabi/lib/thumb/v7-m/nofp\libc_nano.a(lib_a-findfp.o) (__retarget_lock_init_recursive)
c:/st/stm32cubeide_1.11.2/stm32cubeide/plugins/com.st.stm32cube.ide.mcu.externaltools.gnu-tools-for-stm32.10.3-2021.10.win32_1.0.100.202210260954/tools/bin/../lib/gcc/arm-none-eabi/10.3.1/../../../../arm-none-eabi/lib/thumb/v7-m/nofp\libc_nano.a(lib_a-memcpy-stub.o)
                              ./Middlewares/Third_Party/FreeRTOS/Source/queue.o (memcpy)
c:/st/stm32cubeide_1.11.2/stm32cubeide/plugins/com.st.stm32cube.ide.mcu.externaltools.gnu-tools-for-stm32.10.3-2021.10.win32_1.0.100.202210260954/tools/bin/../lib/gcc/arm-none-eabi/10.3.1/../../../../arm-none-eabi/lib/thumb/v7-m/nofp\libc_nano.a(lib_a-memset.o)
                              c:/st/stm32cubeide_1.11.2/stm32cubeide/plugins/com.st.stm32cube.ide.mcu.externaltools.gnu-tools-for-stm32.10.3-2021.10.win32_1.0.100.202210260954/tools/bin/../lib/gcc/arm-none-eabi/10.3.1/../../../../arm-none-eabi/lib/thumb/v7-m/nofp/crt0.o (memset)
c:/st/stm32cubeide_1.11.2/stm32cubeide/plugins/com.st.stm32cube.ide.mcu.externaltools.gnu-tools-for-stm32.10.3-2021.10.win32_1.0.100.202210260954/tools/bin/../lib/gcc/arm-none-eabi/10.3.1/../../../../arm-none-eabi/lib/thumb/v7-m/nofp\libc_nano.a(lib_a-nano-mallocr.o)
[...]
Memory Configuration

Name             Origin             Length             Attributes
RAM              0x0000000020000000 0x0000000000005000 xrw
FLASH            0x0000000008000000 0x0000000000010000 xr
*default*        0x0000000000000000 0xffffffffffffffff

Linker script and memory map

LOAD c:/st/stm32cubeide_1.11.2/stm32cubeide/plugins/com.st.stm32cube.ide.mcu.externaltools.gnu-tools-for-stm32.10.3-2021.10.win32_1.0.100.202210260954/tools/bin/../lib/gcc/arm-none-eabi/10.3.1/thumb/v7-m/nofp/crti.o
LOAD c:/st/stm32cubeide_1.11.2/stm32cubeide/plugins/com.st.stm32cube.ide.mcu.externaltools.gnu-tools-for-stm32.10.3-2021.10.win32_1.0.100.202210260954/tools/bin/../lib/gcc/arm-none-eabi/10.3.1/thumb/v7-m/nofp/crtbegin.o
LOAD c:/st/stm32cubeide_1.11.2/stm32cubeide/plugins/com.st.stm32cube.ide.mcu.externaltools.gnu-tools-for-stm32.10.3-2021.10.win32_1.0.100.202210260954/tools/bin/../lib/gcc/arm-none-eabi/10.3.1/../../../../arm-none-eabi/lib/thumb/v7-m/nofp/crt0.o
LOAD ./Core/Src/NOKIA5110_fb.o
LOAD ./Core/Src/PRNG_LFSR.o
LOAD ./Core/Src/atraso.o
LOAD ./Core/Src/freertos.o
LOAD ./Core/Src/main.o
LOAD ./Core/Src/stm32f1xx_hal_msp.o
LOAD ./Core/Src/stm32f1xx_hal_timebase_tim.o
LOAD ./Core/Src/stm32f1xx_it.o
LOAD ./Core/Src/syscalls.o
LOAD ./Core/Src/sysmem.o
LOAD ./Core/Src/system_stm32f1xx.o
LOAD ./Core/Startup/startup_stm32f103c8tx.o
LOAD ./Drivers/STM32F1xx_HAL_Driver/Src/stm32f1xx_hal.o
LOAD ./Drivers/STM32F1xx_HAL_Driver/Src/stm32f1xx_hal_adc.o
LOAD ./Drivers/STM32F1xx_HAL_Driver/Src/stm32f1xx_hal_adc_ex.o
LOAD ./Drivers/STM32F1xx_HAL_Driver/Src/stm32f1xx_hal_cortex.o
LOAD ./Drivers/STM32F1xx_HAL_Driver/Src/stm32f1xx_hal_dma.o
LOAD ./Drivers/STM32F1xx_HAL_Driver/Src/stm32f1xx_hal_exti.o
LOAD ./Drivers/STM32F1xx_HAL_Driver/Src/stm32f1xx_hal_flash.o
LOAD ./Drivers/STM32F1xx_HAL_Driver/Src/stm32f1xx_hal_flash_ex.o
LOAD ./Drivers/STM32F1xx_HAL_Driver/Src/stm32f1xx_hal_gpio.o
LOAD ./Drivers/STM32F1xx_HAL_Driver/Src/stm32f1xx_hal_gpio_ex.o
LOAD ./Drivers/STM32F1xx_HAL_Driver/Src/stm32f1xx_hal_pwr.o
LOAD ./Drivers/STM32F1xx_HAL_Driver/Src/stm32f1xx_hal_rcc.o
LOAD ./Drivers/STM32F1xx_HAL_Driver/Src/stm32f1xx_hal_rcc_ex.o
LOAD ./Drivers/STM32F1xx_HAL_Driver/Src/stm32f1xx_hal_tim.o
LOAD ./Drivers/STM32F1xx_HAL_Driver/Src/stm32f1xx_hal_tim_ex.o
LOAD ./Middlewares/Third_Party/FreeRTOS/Source/CMSIS_RTOS/cmsis_os.o
LOAD ./Middlewares/Third_Party/FreeRTOS/Source/croutine.o
LOAD ./Middlewares/Third_Party/FreeRTOS/Source/event_groups.o
LOAD ./Middlewares/Third_Party/FreeRTOS/Source/list.o
LOAD ./Middlewares/Third_Party/FreeRTOS/Source/queue.o
LOAD ./Middlewares/Third_Party/FreeRTOS/Source/stream_buffer.o
LOAD ./Middlewares/Third_Party/FreeRTOS/Source/tasks.o
LOAD ./Middlewares/Third_Party/FreeRTOS/Source/timers.o
LOAD ./Middlewares/Third_Party/FreeRTOS/Source/portable/GCC/ARM_CM3/port.o
LOAD ./Middlewares/Third_Party/FreeRTOS/Source/portable/MemMang/heap_4.o
START GROUP
LOAD c:/st/stm32cubeide_1.11.2/stm32cubeide/plugins/com.st.stm32cube.ide.mcu.externaltools.gnu-tools-for-stm32.10.3-2021.10.win32_1.0.100.202210260954/tools/bin/../lib/gcc/arm-none-eabi/10.3.1/../../../../arm-none-eabi/lib/thumb/v7-m/nofp\libc_nano.a
LOAD c:/st/stm32cubeide_1.11.2/stm32cubeide/plugins/com.st.stm32cube.ide.mcu.externaltools.gnu-tools-for-stm32.10.3-2021.10.win32_1.0.100.202210260954/tools/bin/../lib/gcc/arm-none-eabi/10.3.1/../../../../arm-none-eabi/lib/thumb/v7-m/nofp\libm.a
END GROUP
START GROUP
LOAD c:/st/stm32cubeide_1.11.2/stm32cubeide/plugins/com.st.stm32cube.ide.mcu.externaltools.gnu-tools-for-stm32.10.3-2021.10.win32_1.0.100.202210260954/tools/bin/../lib/gcc/arm-none-eabi/10.3.1/thumb/v7-m/nofp\libgcc.a
LOAD c:/st/stm32cubeide_1.11.2/stm32cubeide/plugins/com.st.stm32cube.ide.mcu.externaltools.gnu-tools-for-stm32.10.3-2021.10.win32_1.0.100.202210260954/tools/bin/../lib/gcc/arm-none-eabi/10.3.1/../../../../arm-none-eabi/lib/thumb/v7-m/nofp\libc_nano.a
END GROUP
START GROUP
LOAD c:/st/stm32cubeide_1.11.2/stm32cubeide/plugins/com.st.stm32cube.ide.mcu.externaltools.gnu-tools-for-stm32.10.3-2021.10.win32_1.0.100.202210260954/tools/bin/../lib/gcc/arm-none-eabi/10.3.1/thumb/v7-m/nofp\libgcc.a
LOAD c:/st/stm32cubeide_1.11.2/stm32cubeide/plugins/com.st.stm32cube.ide.mcu.externaltools.gnu-tools-for-stm32.10.3-2021.10.win32_1.0.100.202210260954/tools/bin/../lib/gcc/arm-none-eabi/10.3.1/../../../../arm-none-eabi/lib/thumb/v7-m/nofp\libc_nano.a
LOAD c:/st/stm32cubeide_1.11.2/stm32cubeide/plugins/com.st.stm32cube.ide.mcu.externaltools.gnu-tools-for-stm32.10.3-2021.10.win32_1.0.100.202210260954/tools/bin/../lib/gcc/arm-none-eabi/10.3.1/../../../../arm-none-eabi/lib/thumb/v7-m/nofp\libnosys.a
END GROUP
START GROUP
LOAD c:/st/stm32cubeide_1.11.2/stm32cubeide/plugins/com.st.stm32cube.ide.mcu.externaltools.gnu-tools-for-stm32.10.3-2021.10.win32_1.0.100.202210260954/tools/bin/../lib/gcc/arm-none-eabi/10.3.1/thumb/v7-m/nofp\libgcc.a
LOAD c:/st/stm32cubeide_1.11.2/stm32cubeide/plugins/com.st.stm32cube.ide.mcu.externaltools.gnu-tools-for-stm32.10.3-2021.10.win32_1.0.100.202210260954/tools/bin/../lib/gcc/arm-none-eabi/10.3.1/../../../../arm-none-eabi/lib/thumb/v7-m/nofp\libc_nano.a
LOAD c:/st/stm32cubeide_1.11.2/stm32cubeide/plugins/com.st.stm32cube.ide.mcu.externaltools.gnu-tools-for-stm32.10.3-2021.10.win32_1.0.100.202210260954/tools/bin/../lib/gcc/arm-none-eabi/10.3.1/../../../../arm-none-eabi/lib/thumb/v7-m/nofp\libnosys.a
END GROUP
LOAD c:/st/stm32cubeide_1.11.2/stm32cubeide/plugins/com.st.stm32cube.ide.mcu.externaltools.gnu-tools-for-stm32.10.3-2021.10.win32_1.0.100.202210260954/tools/bin/../lib/gcc/arm-none-eabi/10.3.1/thumb/v7-m/nofp/crtend.o
LOAD c:/st/stm32cubeide_1.11.2/stm32cubeide/plugins/com.st.stm32cube.ide.mcu.externaltools.gnu-tools-for-stm32.10.3-2021.10.win32_1.0.100.202210260954/tools/bin/../lib/gcc/arm-none-eabi/10.3.1/thumb/v7-m/nofp/crtn.o
                0x0000000020005000                _estack = (ORIGIN (RAM) + LENGTH (RAM))
                0x0000000000000200                _Min_Heap_Size = 0x200
                0x0000000000000400                _Min_Stack_Size = 0x400

.isr_vector     0x0000000008000000      0x10c
                0x0000000008000000                . = ALIGN (0x4)
 *(.isr_vector)
 .isr_vector    0x0000000008000000      0x10c ./Core/Startup/startup_stm32f103c8tx.o
                0x0000000008000000                g_pfnVectors
                0x000000000800010c                . = ALIGN (0x4)

.text           0x0000000008000110     0x57f0
                0x0000000008000110                . = ALIGN (0x4)
 *(.text)
 .text          0x0000000008000110       0x40 c:/st/stm32cubeide_1.11.2/stm32cubeide/plugins/com.st.stm32cube.ide.mcu.externaltools.gnu-tools-for-stm32.10.3-2021.10.win32_1.0.100.202210260954/tools/bin/../lib/gcc/arm-none-eabi/10.3.1/thumb/v7-m/nofp/crtbegin.o
 *(.text*)
 .text.cmd_LCD  0x0000000008000150       0x8c ./Core/Src/NOKIA5110_fb.o
                0x0000000008000150                cmd_LCD
 .text.data_LCD
                0x00000000080001dc       0x8c ./Core/Src/NOKIA5110_fb.o
                0x00000000080001dc                data_LCD
 .text.inic_LCD
                0x0000000008000268       0x4c ./Core/Src/NOKIA5110_fb.o
                0x0000000008000268                inic_LCD
 .text.goto_XY  0x00000000080002b4       0x3c ./Core/Src/NOKIA5110_fb.o
                0x00000000080002b4                goto_XY
 .text.escreve2fb
                0x00000000080002f0       0x40 ./Core/Src/NOKIA5110_fb.o
                0x00000000080002f0                escreve2fb
 .text.imprime_LCD
                0x0000000008000330       0x38 ./Core/Src/NOKIA5110_fb.o
                0x0000000008000330                imprime_LCD
 .text.caractere_LCD
                0x0000000008000368       0x78 ./Core/Src/NOKIA5110_fb.o
                0x0000000008000368                caractere_LCD
 .text.string_LCD
                0x00000000080003e0       0x2a ./Core/Src/NOKIA5110_fb.o
                0x00000000080003e0                string_LCD
 *fill*         0x000000000800040a        0x2 
 .text.limpa_LCD
                0x000000000800040c       0x34 ./Core/Src/NOKIA5110_fb.o
                0x000000000800040c                limpa_LCD
 .text.desenha_pixel
                0x0000000008000440       0x9c ./Core/Src/NOKIA5110_fb.o
                0x0000000008000440                desenha_pixel
 .text.desenha_fig
                0x00000000080004dc      0x1ba ./Core/Src/NOKIA5110_fb.o
                0x00000000080004dc                desenha_fig
 *fill*         0x0000000008000696        0x2 
 .text.escreve_Nr_Peq
                0x0000000008000698      0x19c ./Core/Src/NOKIA5110_fb.o
                0x0000000008000698                escreve_Nr_Peq
 .text.init_LFSR
                0x0000000008000834       0x1c ./Core/Src/PRNG_LFSR.o
                0x0000000008000834                init_LFSR
 .text.prng_LFSR
                0x0000000008000850       0x50 ./Core/Src/PRNG_LFSR.o
                0x0000000008000850                prng_LFSR
 .text.atraso_us
                0x00000000080008a0       0x22 ./Core/Src/atraso.o
                0x00000000080008a0                atraso_us
 *fill*         0x00000000080008c2        0x2 
 .text.vApplicationGetIdleTaskMemory
                0x00000000080008c4       0x30 ./Core/Src/freertos.o
                0x00000000080008c4                vApplicationGetIdleTaskMemory
 .text.HAL_ADC_ConvCpltCallback
                0x00000000080008f4       0x38 ./Core/Src/main.o
                0x00000000080008f4                HAL_ADC_ConvCpltCallback
 .text.vTask_LCD_Print
                0x000000000800092c        0xe ./Core/Src/main.o
                0x000000000800092c                vTask_LCD_Print
 *fill*         0x000000000800093a        0x2 
 .text.vTask_Pontuacao
                0x000000000800093c      0x518 ./Core/Src/main.o
                0x000000000800093c                vTask_Pontuacao
 .text.vTask_Desloca_Nave2
                0x0000000008000e54      0x26c ./Core/Src/main.o
                0x0000000008000e54                vTask_Desloca_Nave2
 .text.vTask_Disparo_Nave2
                0x00000000080010c0      0x194 ./Core/Src/main.o
                0x00000000080010c0                vTask_Disparo_Nave2
 .text.vTask_Desloca_Nave1
                0x0000000008001254      0x428 ./Core/Src/main.o
                0x0000000008001254                vTask_Desloca_Nave1
 .text.vTask_Disparo_Nave0
                0x000000000800167c      0x19c ./Core/Src/main.o
                0x000000000800167c                vTask_Disparo_Nave0
 .text.vTask_Desloca_Nave0
                0x0000000008001818       0xf4 ./Core/Src/main.o
                0x0000000008001818                vTask_Desloca_Nave0
 .text.main     0x000000000800190c      0x1b0 ./Core/Src/main.o
                0x000000000800190c                main
 .text.SystemClock_Config
                0x0000000008001abc       0xb6 ./Core/Src/main.o
                0x0000000008001abc                SystemClock_Config
 *fill*         0x0000000008001b72        0x2 
 .text.MX_ADC1_Init
                0x0000000008001b74       0x9c ./Core/Src/main.o
 .text.MX_DMA_Init
                0x0000000008001c10       0x3c ./Core/Src/main.o
 .text.MX_GPIO_Init
                0x0000000008001c4c       0xdc ./Core/Src/main.o
 .text.StartDefaultTask
                0x0000000008001d28       0x10 ./Core/Src/main.o
                0x0000000008001d28                StartDefaultTask
 .text.HAL_TIM_PeriodElapsedCallback
                0x0000000008001d38       0x24 ./Core/Src/main.o
                0x0000000008001d38                HAL_TIM_PeriodElapsedCallback
 .text.Error_Handler
                0x0000000008001d5c        0xa ./Core/Src/main.o
                0x0000000008001d5c                Error_Handler
 *fill*         0x0000000008001d66        0x2 
 .text.HAL_MspInit
                0x0000000008001d68       0x70 ./Core/Src/stm32f1xx_hal_msp.o
                0x0000000008001d68                HAL_MspInit
 .text.HAL_ADC_MspInit
                0x0000000008001dd8       0xe0 ./Core/Src/stm32f1xx_hal_msp.o
                0x0000000008001dd8                HAL_ADC_MspInit
 .text.HAL_InitTick
                0x0000000008001eb8       0xfc ./Core/Src/stm32f1xx_hal_timebase_tim.o
                0x0000000008001eb8                HAL_InitTick
 .text.NMI_Handler
                0x0000000008001fb4        0x6 ./Core/Src/stm32f1xx_it.o
                0x0000000008001fb4                NMI_Handler
 .text.HardFault_Handler
                0x0000000008001fba        0x6 ./Core/Src/stm32f1xx_it.o
                0x0000000008001fba                HardFault_Handler
 .text.MemManage_Handler
                0x0000000008001fc0        0x6 ./Core/Src/stm32f1xx_it.o
                0x0000000008001fc0                MemManage_Handler
 .text.BusFault_Handler
                0x0000000008001fc6        0x6 ./Core/Src/stm32f1xx_it.o
                0x0000000008001fc6                BusFault_Handler
 .text.UsageFault_Handler
                0x0000000008001fcc        0x6 ./Core/Src/stm32f1xx_it.o
                0x0000000008001fcc                UsageFault_Handler
 .text.DebugMon_Handler
                0x0000000008001fd2        0xc ./Core/Src/stm32f1xx_it.o
                0x0000000008001fd2                DebugMon_Handler
 *fill*         0x0000000008001fde        0x2 
 .text.DMA1_Channel1_IRQHandler
                0x0000000008001fe0       0x14 ./Core/Src/stm32f1xx_it.o
                0x0000000008001fe0                DMA1_Channel1_IRQHandler
 .text.ADC1_2_IRQHandler
                0x0000000008001ff4       0x14 ./Core/Src/stm32f1xx_it.o
                0x0000000008001ff4                ADC1_2_IRQHandler
 .text.TIM4_IRQHandler
                0x0000000008002008       0x14 ./Core/Src/stm32f1xx_it.o
                0x0000000008002008                TIM4_IRQHandler
 .text.SystemInit
                0x000000000800201c        0xc ./Core/Src/system_stm32f1xx.o
                0x000000000800201c                SystemInit
 .text.Reset_Handler
                0x0000000008002028       0x48 ./Core/Startup/startup_stm32f103c8tx.o
                0x0000000008002028                Reset_Handler
 .text.Default_Handler
                0x0000000008002070        0x2 ./Core/Startup/startup_stm32f103c8tx.o
                0x0000000008002070                RTC_Alarm_IRQHandler
                0x0000000008002070                EXTI2_IRQHandler
                0x0000000008002070                TIM1_CC_IRQHandler
                0x0000000008002070                PVD_IRQHandler
                0x0000000008002070                EXTI3_IRQHandler
                0x0000000008002070                EXTI0_IRQHandler
                0x0000000008002070                I2C2_EV_IRQHandler
                0x0000000008002070                SPI1_IRQHandler
                0x0000000008002070                TAMPER_IRQHandler
                0x0000000008002070                DMA1_Channel4_IRQHandler
                0x0000000008002070                USART3_IRQHandler
                0x0000000008002070                RTC_IRQHandler
                0x0000000008002070                DMA1_Channel7_IRQHandler
                0x0000000008002070                CAN1_RX1_IRQHandler
                0x0000000008002070                I2C1_EV_IRQHandler
                0x0000000008002070                DMA1_Channel6_IRQHandler
                0x0000000008002070                TIM3_IRQHandler
                0x0000000008002070                RCC_IRQHandler
                0x0000000008002070                TIM1_TRG_COM_IRQHandler
                0x0000000008002070                Default_Handler
                0x0000000008002070                EXTI15_10_IRQHandler
                0x0000000008002070                EXTI9_5_IRQHandler
                0x0000000008002070                SPI2_IRQHandler
                0x0000000008002070                DMA1_Channel5_IRQHandler
                0x0000000008002070                EXTI4_IRQHandler
                0x0000000008002070                USB_LP_CAN1_RX0_IRQHandler
                0x0000000008002070                USB_HP_CAN1_TX_IRQHandler
                0x0000000008002070                DMA1_Channel3_IRQHandler
                0x0000000008002070                TIM1_UP_IRQHandler
                0x0000000008002070                WWDG_IRQHandler
                0x0000000008002070                TIM2_IRQHandler
                0x0000000008002070                TIM1_BRK_IRQHandler
                0x0000000008002070                EXTI1_IRQHandler
                0x0000000008002070                USART2_IRQHandler
                0x0000000008002070                I2C2_ER_IRQHandler
                0x0000000008002070                DMA1_Channel2_IRQHandler
                0x0000000008002070                CAN1_SCE_IRQHandler
                0x0000000008002070                FLASH_IRQHandler
                0x0000000008002070                USART1_IRQHandler
                0x0000000008002070                I2C1_ER_IRQHandler
                0x0000000008002070                USBWakeUp_IRQHandler
 *fill*         0x0000000008002072        0x2 
 .text.HAL_Init
                0x0000000008002074       0x2c ./Drivers/STM32F1xx_HAL_Driver/Src/stm32f1xx_hal.o
                0x0000000008002074                HAL_Init
 .text.HAL_IncTick
                0x00000000080020a0       0x24 ./Drivers/STM32F1xx_HAL_Driver/Src/stm32f1xx_hal.o
                0x00000000080020a0                HAL_IncTick
 .text.HAL_GetTick
                0x00000000080020c4       0x14 ./Drivers/STM32F1xx_HAL_Driver/Src/stm32f1xx_hal.o
                0x00000000080020c4                HAL_GetTick
 .text.HAL_Delay
                0x00000000080020d8       0x48 ./Drivers/STM32F1xx_HAL_Driver/Src/stm32f1xx_hal.o
                0x00000000080020d8                HAL_Delay
 .text.HAL_ADC_Init
                0x0000000008002120      0x1b0 ./Drivers/STM32F1xx_HAL_Driver/Src/stm32f1xx_hal_adc.o
                0x0000000008002120                HAL_ADC_Init
 .text.HAL_ADC_Start_IT
                0x00000000080022d0      0x16c ./Drivers/STM32F1xx_HAL_Driver/Src/stm32f1xx_hal_adc.o
                0x00000000080022d0                HAL_ADC_Start_IT
 .text.HAL_ADC_Start_DMA
                0x000000000800243c      0x1bc ./Drivers/STM32F1xx_HAL_Driver/Src/stm32f1xx_hal_adc.o
                0x000000000800243c                HAL_ADC_Start_DMA
 .text.HAL_ADC_IRQHandler
                0x00000000080025f8      0x17e ./Drivers/STM32F1xx_HAL_Driver/Src/stm32f1xx_hal_adc.o
                0x00000000080025f8                HAL_ADC_IRQHandler
 .text.HAL_ADC_ConvHalfCpltCallback
                0x0000000008002776       0x12 ./Drivers/STM32F1xx_HAL_Driver/Src/stm32f1xx_hal_adc.o
                0x0000000008002776                HAL_ADC_ConvHalfCpltCallback
 .text.HAL_ADC_LevelOutOfWindowCallback
                0x0000000008002788       0x12 ./Drivers/STM32F1xx_HAL_Driver/Src/stm32f1xx_hal_adc.o
                0x0000000008002788                HAL_ADC_LevelOutOfWindowCallback
 .text.HAL_ADC_ErrorCallback
                0x000000000800279a       0x12 ./Drivers/STM32F1xx_HAL_Driver/Src/stm32f1xx_hal_adc.o
                0x000000000800279a                HAL_ADC_ErrorCallback
 .text.HAL_ADC_ConfigChannel
                0x00000000080027ac      0x1f0 ./Drivers/STM32F1xx_HAL_Driver/Src/stm32f1xx_hal_adc.o
                0x00000000080027ac                HAL_ADC_ConfigChannel
 .text.ADC_Enable
                0x000000000800299c       0xb4 ./Drivers/STM32F1xx_HAL_Driver/Src/stm32f1xx_hal_adc.o
                0x000000000800299c                ADC_Enable
 .text.ADC_ConversionStop_Disable
                0x0000000008002a50       0x82 ./Drivers/STM32F1xx_HAL_Driver/Src/stm32f1xx_hal_adc.o
                0x0000000008002a50                ADC_ConversionStop_Disable
 .text.ADC_DMAConvCplt
                0x0000000008002ad2       0x7c ./Drivers/STM32F1xx_HAL_Driver/Src/stm32f1xx_hal_adc.o
                0x0000000008002ad2                ADC_DMAConvCplt
 .text.ADC_DMAHalfConvCplt
                0x0000000008002b4e       0x1c ./Drivers/STM32F1xx_HAL_Driver/Src/stm32f1xx_hal_adc.o
                0x0000000008002b4e                ADC_DMAHalfConvCplt
 .text.ADC_DMAError
                0x0000000008002b6a       0x34 ./Drivers/STM32F1xx_HAL_Driver/Src/stm32f1xx_hal_adc.o
                0x0000000008002b6a                ADC_DMAError
 .text.HAL_ADCEx_InjectedConvCpltCallback
                0x0000000008002b9e       0x12 ./Drivers/STM32F1xx_HAL_Driver/Src/stm32f1xx_hal_adc_ex.o
                0x0000000008002b9e                HAL_ADCEx_InjectedConvCpltCallback
 .text.__NVIC_SetPriorityGrouping
                0x0000000008002bb0       0x48 ./Drivers/STM32F1xx_HAL_Driver/Src/stm32f1xx_hal_cortex.o
 .text.__NVIC_GetPriorityGrouping
                0x0000000008002bf8       0x1c ./Drivers/STM32F1xx_HAL_Driver/Src/stm32f1xx_hal_cortex.o
 .text.__NVIC_EnableIRQ
                0x0000000008002c14       0x38 ./Drivers/STM32F1xx_HAL_Driver/Src/stm32f1xx_hal_cortex.o
 .text.__NVIC_SetPriority
                0x0000000008002c4c       0x54 ./Drivers/STM32F1xx_HAL_Driver/Src/stm32f1xx_hal_cortex.o
 .text.NVIC_EncodePriority
                0x0000000008002ca0       0x64 ./Drivers/STM32F1xx_HAL_Driver/Src/stm32f1xx_hal_cortex.o
 .text.HAL_NVIC_SetPriorityGrouping
                0x0000000008002d04       0x16 ./Drivers/STM32F1xx_HAL_Driver/Src/stm32f1xx_hal_cortex.o
                0x0000000008002d04                HAL_NVIC_SetPriorityGrouping
 .text.HAL_NVIC_SetPriority
                0x0000000008002d1a       0x38 ./Drivers/STM32F1xx_HAL_Driver/Src/stm32f1xx_hal_cortex.o
                0x0000000008002d1a                HAL_NVIC_SetPriority
 .text.HAL_NVIC_EnableIRQ
                0x0000000008002d52       0x1c ./Drivers/STM32F1xx_HAL_Driver/Src/stm32f1xx_hal_cortex.o
                0x0000000008002d52                HAL_NVIC_EnableIRQ
 *fill*         0x0000000008002d6e        0x2 
 .text.HAL_DMA_Init
                0x0000000008002d70       0xb4 ./Drivers/STM32F1xx_HAL_Driver/Src/stm32f1xx_hal_dma.o
                0x0000000008002d70                HAL_DMA_Init
 .text.HAL_DMA_Start_IT
                0x0000000008002e24       0xc0 ./Drivers/STM32F1xx_HAL_Driver/Src/stm32f1xx_hal_dma.o
                0x0000000008002e24                HAL_DMA_Start_IT
 .text.HAL_DMA_IRQHandler
                0x0000000008002ee4      0x20c ./Drivers/STM32F1xx_HAL_Driver/Src/stm32f1xx_hal_dma.o
                0x0000000008002ee4                HAL_DMA_IRQHandler
 .text.DMA_SetConfig
                0x00000000080030f0       0x5a ./Drivers/STM32F1xx_HAL_Driver/Src/stm32f1xx_hal_dma.o
 *fill*         0x000000000800314a        0x2 
 .text.HAL_GPIO_Init
                0x000000000800314c      0x308 ./Drivers/STM32F1xx_HAL_Driver/Src/stm32f1xx_hal_gpio.o
                0x000000000800314c                HAL_GPIO_Init
 .text.HAL_GPIO_ReadPin
                0x0000000008003454       0x2e ./Drivers/STM32F1xx_HAL_Driver/Src/stm32f1xx_hal_gpio.o
                0x0000000008003454                HAL_GPIO_ReadPin
 .text.HAL_GPIO_WritePin
                0x0000000008003482       0x30 ./Drivers/STM32F1xx_HAL_Driver/Src/stm32f1xx_hal_gpio.o
                0x0000000008003482                HAL_GPIO_WritePin
 *fill*         0x00000000080034b2        0x2 
 .text.HAL_RCC_OscConfig
                0x00000000080034b4      0x504 ./Drivers/STM32F1xx_HAL_Driver/Src/stm32f1xx_hal_rcc.o
                0x00000000080034b4                HAL_RCC_OscConfig
 .text.HAL_RCC_ClockConfig
                0x00000000080039b8      0x1d4 ./Drivers/STM32F1xx_HAL_Driver/Src/stm32f1xx_hal_rcc.o
                0x00000000080039b8                HAL_RCC_ClockConfig
 .text.HAL_RCC_GetSysClockFreq
                0x0000000008003b8c       0xa8 ./Drivers/STM32F1xx_HAL_Driver/Src/stm32f1xx_hal_rcc.o
                0x0000000008003b8c                HAL_RCC_GetSysClockFreq
 .text.HAL_RCC_GetHCLKFreq
                0x0000000008003c34       0x14 ./Drivers/STM32F1xx_HAL_Driver/Src/stm32f1xx_hal_rcc.o
                0x0000000008003c34                HAL_RCC_GetHCLKFreq
 .text.HAL_RCC_GetPCLK1Freq
                0x0000000008003c48       0x28 ./Drivers/STM32F1xx_HAL_Driver/Src/stm32f1xx_hal_rcc.o
                0x0000000008003c48                HAL_RCC_GetPCLK1Freq
 .text.HAL_RCC_GetClockConfig
                0x0000000008003c70       0x60 ./Drivers/STM32F1xx_HAL_Driver/Src/stm32f1xx_hal_rcc.o
                0x0000000008003c70                HAL_RCC_GetClockConfig
 .text.RCC_Delay
                0x0000000008003cd0       0x3c ./Drivers/STM32F1xx_HAL_Driver/Src/stm32f1xx_hal_rcc.o
 .text.HAL_RCCEx_PeriphCLKConfig
                0x0000000008003d0c      0x16c ./Drivers/STM32F1xx_HAL_Driver/Src/stm32f1xx_hal_rcc_ex.o
                0x0000000008003d0c                HAL_RCCEx_PeriphCLKConfig
 .text.HAL_TIM_Base_Init
                0x0000000008003e78       0x9e ./Drivers/STM32F1xx_HAL_Driver/Src/stm32f1xx_hal_tim.o
                0x0000000008003e78                HAL_TIM_Base_Init
 .text.HAL_TIM_Base_MspInit
                0x0000000008003f16       0x12 ./Drivers/STM32F1xx_HAL_Driver/Src/stm32f1xx_hal_tim.o
                0x0000000008003f16                HAL_TIM_Base_MspInit
 .text.HAL_TIM_Base_Start_IT
                0x0000000008003f28       0xa4 ./Drivers/STM32F1xx_HAL_Driver/Src/stm32f1xx_hal_tim.o
                0x0000000008003f28                HAL_TIM_Base_Start_IT
 .text.HAL_TIM_IRQHandler
                0x0000000008003fcc      0x210 ./Drivers/STM32F1xx_HAL_Driver/Src/stm32f1xx_hal_tim.o
                0x0000000008003fcc                HAL_TIM_IRQHandler
 .text.HAL_TIM_OC_DelayElapsedCallback
                0x00000000080041dc       0x12 ./Drivers/STM32F1xx_HAL_Driver/Src/stm32f1xx_hal_tim.o
                0x00000000080041dc                HAL_TIM_OC_DelayElapsedCallback
 .text.HAL_TIM_IC_CaptureCallback
                0x00000000080041ee       0x12 ./Drivers/STM32F1xx_HAL_Driver/Src/stm32f1xx_hal_tim.o
                0x00000000080041ee                HAL_TIM_IC_CaptureCallback
 .text.HAL_TIM_PWM_PulseFinishedCallback
                0x0000000008004200       0x12 ./Drivers/STM32F1xx_HAL_Driver/Src/stm32f1xx_hal_tim.o
                0x0000000008004200                HAL_TIM_PWM_PulseFinishedCallback
 .text.HAL_TIM_TriggerCallback
                0x0000000008004212       0x12 ./Drivers/STM32F1xx_HAL_Driver/Src/stm32f1xx_hal_tim.o
                0x0000000008004212                HAL_TIM_TriggerCallback
 .text.TIM_Base_SetConfig
                0x0000000008004224       0xc4 ./Drivers/STM32F1xx_HAL_Driver/Src/stm32f1xx_hal_tim.o
                0x0000000008004224                TIM_Base_SetConfig
 .text.HAL_TIMEx_CommutCallback
                0x00000000080042e8       0x12 ./Drivers/STM32F1xx_HAL_Driver/Src/stm32f1xx_hal_tim_ex.o
                0x00000000080042e8                HAL_TIMEx_CommutCallback
 .text.HAL_TIMEx_BreakCallback
                0x00000000080042fa       0x12 ./Drivers/STM32F1xx_HAL_Driver/Src/stm32f1xx_hal_tim_ex.o
                0x00000000080042fa                HAL_TIMEx_BreakCallback
 .text.makeFreeRtosPriority
                0x000000000800430c       0x2e ./Middlewares/Third_Party/FreeRTOS/Source/CMSIS_RTOS/cmsis_os.o
 .text.osKernelStart
                0x000000000800433a        0xe ./Middlewares/Third_Party/FreeRTOS/Source/CMSIS_RTOS/cmsis_os.o
                0x000000000800433a                osKernelStart
 .text.osThreadCreate
                0x0000000008004348       0x98 ./Middlewares/Third_Party/FreeRTOS/Source/CMSIS_RTOS/cmsis_os.o
                0x0000000008004348                osThreadCreate
 .text.osDelay  0x00000000080043e0       0x28 ./Middlewares/Third_Party/FreeRTOS/Source/CMSIS_RTOS/cmsis_os.o
                0x00000000080043e0                osDelay
 .text.vListInitialise
                0x0000000008004408       0x3e ./Middlewares/Third_Party/FreeRTOS/Source/list.o
                0x0000000008004408                vListInitialise
 .text.vListInitialiseItem
                0x0000000008004446       0x18 ./Middlewares/Third_Party/FreeRTOS/Source/list.o
                0x0000000008004446                vListInitialiseItem
 .text.vListInsertEnd
                0x000000000800445e       0x46 ./Middlewares/Third_Party/FreeRTOS/Source/list.o
                0x000000000800445e                vListInsertEnd
 .text.vListInsert
                0x00000000080044a4       0x70 ./Middlewares/Third_Party/FreeRTOS/Source/list.o
                0x00000000080044a4                vListInsert
 .text.uxListRemove
                0x0000000008004514       0x52 ./Middlewares/Third_Party/FreeRTOS/Source/list.o
                0x0000000008004514                uxListRemove
 .text.xTaskCreateStatic
                0x0000000008004566       0xb8 ./Middlewares/Third_Party/FreeRTOS/Source/tasks.o
                0x0000000008004566                xTaskCreateStatic
 .text.xTaskCreate
                0x000000000800461e       0x8a ./Middlewares/Third_Party/FreeRTOS/Source/tasks.o
                0x000000000800461e                xTaskCreate
 .text.prvInitialiseNewTask
                0x00000000080046a8      0x12c ./Middlewares/Third_Party/FreeRTOS/Source/tasks.o
 .text.prvAddNewTaskToReadyList
                0x00000000080047d4       0xd4 ./Middlewares/Third_Party/FreeRTOS/Source/tasks.o
 .text.vTaskDelay
                0x00000000080048a8       0x68 ./Middlewares/Third_Party/FreeRTOS/Source/tasks.o
                0x00000000080048a8                vTaskDelay
 .text.vTaskStartScheduler
                0x0000000008004910       0xd4 ./Middlewares/Third_Party/FreeRTOS/Source/tasks.o
                0x0000000008004910                vTaskStartScheduler
 .text.vTaskSuspendAll
                0x00000000080049e4       0x1c ./Middlewares/Third_Party/FreeRTOS/Source/tasks.o
                0x00000000080049e4                vTaskSuspendAll
 .text.xTaskResumeAll
                0x0000000008004a00      0x138 ./Middlewares/Third_Party/FreeRTOS/Source/tasks.o
                0x0000000008004a00                xTaskResumeAll
 .text.xTaskIncrementTick
                0x0000000008004b38      0x17c ./Middlewares/Third_Party/FreeRTOS/Source/tasks.o
                0x0000000008004b38                xTaskIncrementTick
 .text.vTaskSwitchContext
                0x0000000008004cb4       0xc4 ./Middlewares/Third_Party/FreeRTOS/Source/tasks.o
                0x0000000008004cb4                vTaskSwitchContext
 .text.prvIdleTask
                0x0000000008004d78       0x30 ./Middlewares/Third_Party/FreeRTOS/Source/tasks.o
 .text.prvInitialiseTaskLists
                0x0000000008004da8       0x80 ./Middlewares/Third_Party/FreeRTOS/Source/tasks.o
 .text.prvCheckTasksWaitingTermination
                0x0000000008004e28       0x5c ./Middlewares/Third_Party/FreeRTOS/Source/tasks.o
 .text.prvDeleteTCB
                0x0000000008004e84       0x68 ./Middlewares/Third_Party/FreeRTOS/Source/tasks.o
 .text.prvResetNextTaskUnblockTime
                0x0000000008004eec       0x48 ./Middlewares/Third_Party/FreeRTOS/Source/tasks.o
 .text.prvAddCurrentTaskToDelayedList
                0x0000000008004f34       0xcc ./Middlewares/Third_Party/FreeRTOS/Source/tasks.o
 .text.pxPortInitialiseStack
                0x0000000008005000       0x58 ./Middlewares/Third_Party/FreeRTOS/Source/portable/GCC/ARM_CM3/port.o
                0x0000000008005000                pxPortInitialiseStack
 .text.prvTaskExitError
                0x0000000008005058       0x58 ./Middlewares/Third_Party/FreeRTOS/Source/portable/GCC/ARM_CM3/port.o
 .text.SVC_Handler
                0x00000000080050b0       0x28 ./Middlewares/Third_Party/FreeRTOS/Source/portable/GCC/ARM_CM3/port.o
                0x00000000080050b0                SVC_Handler
 .text.prvPortStartFirstTask
                0x00000000080050d8       0x20 ./Middlewares/Third_Party/FreeRTOS/Source/portable/GCC/ARM_CM3/port.o
 .text.xPortStartScheduler
                0x00000000080050f8       0xe4 ./Middlewares/Third_Party/FreeRTOS/Source/portable/GCC/ARM_CM3/port.o
                0x00000000080050f8                xPortStartScheduler
 .text.vPortEnterCritical
                0x00000000080051dc       0x60 ./Middlewares/Third_Party/FreeRTOS/Source/portable/GCC/ARM_CM3/port.o
                0x00000000080051dc                vPortEnterCritical
 .text.vPortExitCritical
                0x000000000800523c       0x50 ./Middlewares/Third_Party/FreeRTOS/Source/portable/GCC/ARM_CM3/port.o
                0x000000000800523c                vPortExitCritical
 *fill*         0x000000000800528c        0x4 
 .text.PendSV_Handler
                0x0000000008005290       0x48 ./Middlewares/Third_Party/FreeRTOS/Source/portable/GCC/ARM_CM3/port.o
                0x0000000008005290                PendSV_Handler
 .text.SysTick_Handler
                0x00000000080052d8       0x44 ./Middlewares/Third_Party/FreeRTOS/Source/portable/GCC/ARM_CM3/port.o
                0x00000000080052d8                SysTick_Handler
 .text.vPortSetupTimerInterrupt
                0x000000000800531c       0x44 ./Middlewares/Third_Party/FreeRTOS/Source/portable/GCC/ARM_CM3/port.o
                0x000000000800531c                vPortSetupTimerInterrupt
 .text.pvPortMalloc
                0x0000000008005360      0x188 ./Middlewares/Third_Party/FreeRTOS/Source/portable/MemMang/heap_4.o
                0x0000000008005360                pvPortMalloc
 .text.vPortFree
                0x00000000080054e8       0xb4 ./Middlewares/Third_Party/FreeRTOS/Source/portable/MemMang/heap_4.o
                0x00000000080054e8                vPortFree
 .text.prvHeapInit
                0x000000000800559c       0xc4 ./Middlewares/Third_Party/FreeRTOS/Source/portable/MemMang/heap_4.o
 .text.prvInsertBlockIntoFreeList
                0x0000000008005660       0xb0 ./Middlewares/Third_Party/FreeRTOS/Source/portable/MemMang/heap_4.o
 .text.__libc_init_array
                0x0000000008005710       0x48 c:/st/stm32cubeide_1.11.2/stm32cubeide/plugins/com.st.stm32cube.ide.mcu.externaltools.gnu-tools-for-stm32.10.3-2021.10.win32_1.0.100.202210260954/tools/bin/../lib/gcc/arm-none-eabi/10.3.1/../../../../arm-none-eabi/lib/thumb/v7-m/nofp\libc_nano.a(lib_a-init.o)
                0x0000000008005710                __libc_init_array
 .text.__retarget_lock_acquire_recursive
                0x0000000008005758        0x2 c:/st/stm32cubeide_1.11.2/stm32cubeide/plugins/com.st.stm32cube.ide.mcu.externaltools.gnu-tools-for-stm32.10.3-2021.10.win32_1.0.100.202210260954/tools/bin/../lib/gcc/arm-none-eabi/10.3.1/../../../../arm-none-eabi/lib/thumb/v7-m/nofp\libc_nano.a(lib_a-lock.o)
                0x0000000008005758                __retarget_lock_acquire_recursive
 .text.__retarget_lock_release_recursive
                0x000000000800575a        0x2 c:/st/stm32cubeide_1.11.2/stm32cubeide/plugins/com.st.stm32cube.ide.mcu.externaltools.gnu-tools-for-stm32.10.3-2021.10.win32_1.0.100.202210260954/tools/bin/../lib/gcc/arm-none-eabi/10.3.1/../../../../arm-none-eabi/lib/thumb/v7-m/nofp\libc_nano.a(lib_a-lock.o)
                0x000000000800575a                __retarget_lock_release_recursive
 .text.memset   0x000000000800575c       0x10 c:/st/stm32cubeide_1.11.2/stm32cubeide/plugins/com.st.stm32cube.ide.mcu.externaltools.gnu-tools-for-stm32.10.3-2021.10.win32_1.0.100.202210260954/tools/bin/../lib/gcc/arm-none-eabi/10.3.1/../../../../arm-none-eabi/lib/thumb/v7-m/nofp\libc_nano.a(lib_a-memset.o)
                0x000000000800575c                memset
 .text.cleanup_glue
                0x000000000800576c       0x1a c:/st/stm32cubeide_1.11.2/stm32cubeide/plugins/com.st.stm32cube.ide.mcu.externaltools.gnu-tools-for-stm32.10.3-2021.10.win32_1.0.100.202210260954/tools/bin/../lib/gcc/arm-none-eabi/10.3.1/../../../../arm-none-eabi/lib/thumb/v7-m/nofp\libc_nano.a(lib_a-reent.o)
                0x000000000800576c                cleanup_glue
 *fill*         0x0000000008005786        0x2 
 .text._reclaim_reent
                0x0000000008005788       0xb8 c:/st/stm32cubeide_1.11.2/stm32cubeide/plugins/com.st.stm32cube.ide.mcu.externaltools.gnu-tools-for-stm32.10.3-2021.10.win32_1.0.100.202210260954/tools/bin/../lib/gcc/arm-none-eabi/10.3.1/../../../../arm-none-eabi/lib/thumb/v7-m/nofp\libc_nano.a(lib_a-reent.o)
                0x0000000008005788                _reclaim_reent
 .text.__malloc_lock
                0x0000000008005840        0xc c:/st/stm32cubeide_1.11.2/stm32cubeide/plugins/com.st.stm32cube.ide.mcu.externaltools.gnu-tools-for-stm32.10.3-2021.10.win32_1.0.100.202210260954/tools/bin/../lib/gcc/arm-none-eabi/10.3.1/../../../../arm-none-eabi/lib/thumb/v7-m/nofp\libc_nano.a(lib_a-mlock.o)
                0x0000000008005840                __malloc_lock
 .text.__malloc_unlock
                0x000000000800584c        0xc c:/st/stm32cubeide_1.11.2/stm32cubeide/plugins/com.st.stm32cube.ide.mcu.externaltools.gnu-tools-for-stm32.10.3-2021.10.win32_1.0.100.202210260954/tools/bin/../lib/gcc/arm-none-eabi/10.3.1/../../../../arm-none-eabi/lib/thumb/v7-m/nofp\libc_nano.a(lib_a-mlock.o)
                0x000000000800584c                __malloc_unlock
 .text._free_r  0x0000000008005858       0x90 c:/st/stm32cubeide_1.11.2/stm32cubeide/plugins/com.st.stm32cube.ide.mcu.externaltools.gnu-tools-for-stm32.10.3-2021.10.win32_1.0.100.202210260954/tools/bin/../lib/gcc/arm-none-eabi/10.3.1/../../../../arm-none-eabi/lib/thumb/v7-m/nofp\libc_nano.a(lib_a-nano-freer.o)
                0x0000000008005858                _free_r
 *(.glue_7)
 .glue_7        0x00000000080058e8        0x0 linker stubs
 *(.glue_7t)
 .glue_7t       0x00000000080058e8        0x0 linker stubs
 *(.eh_frame)
 .eh_frame      0x00000000080058e8        0x0 c:/st/stm32cubeide_1.11.2/stm32cubeide/plugins/com.st.stm32cube.ide.mcu.externaltools.gnu-tools-for-stm32.10.3-2021.10.win32_1.0.100.202210260954/tools/bin/../lib/gcc/arm-none-eabi/10.3.1/thumb/v7-m/nofp/crtbegin.o
 *(.init)
 .init          0x00000000080058e8        0x4 c:/st/stm32cubeide_1.11.2/stm32cubeide/plugins/com.st.stm32cube.ide.mcu.externaltools.gnu-tools-for-stm32.10.3-2021.10.win32_1.0.100.202210260954/tools/bin/../lib/gcc/arm-none-eabi/10.3.1/thumb/v7-m/nofp/crti.o
                0x00000000080058e8                _init
 .init          0x00000000080058ec        0x8 c:/st/stm32cubeide_1.11.2/stm32cubeide/plugins/com.st.stm32cube.ide.mcu.externaltools.gnu-tools-for-stm32.10.3-2021.10.win32_1.0.100.202210260954/tools/bin/../lib/gcc/arm-none-eabi/10.3.1/thumb/v7-m/nofp/crtn.o
 *(.fini)
 .fini          0x00000000080058f4        0x4 c:/st/stm32cubeide_1.11.2/stm32cubeide/plugins/com.st.stm32cube.ide.mcu.externaltools.gnu-tools-for-stm32.10.3-2021.10.win32_1.0.100.202210260954/tools/bin/../lib/gcc/arm-none-eabi/10.3.1/thumb/v7-m/nofp/crti.o
                0x00000000080058f4                _fini
 .fini          0x00000000080058f8        0x8 c:/st/stm32cubeide_1.11.2/stm32cubeide/plugins/com.st.stm32cube.ide.mcu.externaltools.gnu-tools-for-stm32.10.3-2021.10.win32_1.0.100.202210260954/tools/bin/../lib/gcc/arm-none-eabi/10.3.1/thumb/v7-m/nofp/crtn.o
                0x0000000008005900                . = ALIGN (0x4)
                0x0000000008005900                _etext = .

.vfp11_veneer   0x0000000008005900        0x0
 .vfp11_veneer  0x0000000008005900        0x0 linker stubs

.v4_bx          0x0000000008005900        0x0
 .v4_bx         0x0000000008005900        0x0 linker stubs

.iplt           0x0000000008005900        0x0
 .iplt          0x0000000008005900        0x0 c:/st/stm32cubeide_1.11.2/stm32cubeide/plugins/com.st.stm32cube.ide.mcu.externaltools.gnu-tools-for-stm32.10.3-2021.10.win32_1.0.100.202210260954/tools/bin/../lib/gcc/arm-none-eabi/10.3.1/thumb/v7-m/nofp/crtbegin.o

.rodata         0x0000000008005900      0x5ac
                0x0000000008005900                . = ALIGN (0x4)
 *(.rodata)
 .rodata        0x0000000008005900       0x7c ./Core/Src/main.o
 .rodata        0x000000000800597c        0x5 ./Middlewares/Third_Party/FreeRTOS/Source/tasks.o
 *(.rodata*)
 *fill*         0x0000000008005981        0x3 
 .rodata.ASCII  0x0000000008005984      0x1e0 ./Core/Src/NOKIA5110_fb.o
 .rodata.nr_peq
                0x0000000008005b64       0x2c ./Core/Src/NOKIA5110_fb.o
                0x0000000008005b64                nr_peq
 .rodata.tela_inicial
                0x0000000008005b90      0x1f8 ./Core/Src/main.o
                0x0000000008005b90                tela_inicial
 .rodata.nave0f
                0x0000000008005d88        0xb ./Core/Src/main.o
                0x0000000008005d88                nave0f
 *fill*         0x0000000008005d93        0x1 
 .rodata.apaga_nave0f
                0x0000000008005d94        0xb ./Core/Src/main.o
                0x0000000008005d94                apaga_nave0f
 *fill*         0x0000000008005d9f        0x1 
 .rodata.tiro0f
                0x0000000008005da0        0x5 ./Core/Src/main.o
                0x0000000008005da0                tiro0f
 *fill*         0x0000000008005da5        0x3 
 .rodata.apaga_tiro0f
                0x0000000008005da8        0x5 ./Core/Src/main.o
                0x0000000008005da8                apaga_tiro0f
 *fill*         0x0000000008005dad        0x3 
 .rodata.nave1f
                0x0000000008005db0        0x9 ./Core/Src/main.o
                0x0000000008005db0                nave1f
 *fill*         0x0000000008005db9        0x3 
 .rodata.apaga_nave1f
                0x0000000008005dbc        0x9 ./Core/Src/main.o
                0x0000000008005dbc                apaga_nave1f
 *fill*         0x0000000008005dc5        0x3 
 .rodata.nave2f
                0x0000000008005dc8       0x24 ./Core/Src/main.o
                0x0000000008005dc8                nave2f
 .rodata.apaga_nave2f
                0x0000000008005dec       0x24 ./Core/Src/main.o
                0x0000000008005dec                apaga_nave2f
 .rodata.tiro2f
                0x0000000008005e10        0x7 ./Core/Src/main.o
                0x0000000008005e10                tiro2f
 *fill*         0x0000000008005e17        0x1 
 .rodata.apaga_tiro2f
                0x0000000008005e18        0x7 ./Core/Src/main.o
                0x0000000008005e18                apaga_tiro2f
 *fill*         0x0000000008005e1f        0x1 
 .rodata.AHBPrescTable
                0x0000000008005e20       0x10 ./Core/Src/system_stm32f1xx.o
                0x0000000008005e20                AHBPrescTable
 .rodata.APBPrescTable
                0x0000000008005e30        0x8 ./Core/Src/system_stm32f1xx.o
                0x0000000008005e30                APBPrescTable
 .rodata.aPLLMULFactorTable.1
                0x0000000008005e38       0x10 ./Drivers/STM32F1xx_HAL_Driver/Src/stm32f1xx_hal_rcc.o
 .rodata.aPredivFactorTable.0
                0x0000000008005e48        0x2 ./Drivers/STM32F1xx_HAL_Driver/Src/stm32f1xx_hal_rcc.o
 *fill*         0x0000000008005e4a        0x2 
 .rodata.__sf_fake_stderr
                0x0000000008005e4c       0x20 c:/st/stm32cubeide_1.11.2/stm32cubeide/plugins/com.st.stm32cube.ide.mcu.externaltools.gnu-tools-for-stm32.10.3-2021.10.win32_1.0.100.202210260954/tools/bin/../lib/gcc/arm-none-eabi/10.3.1/../../../../arm-none-eabi/lib/thumb/v7-m/nofp\libc_nano.a(lib_a-findfp.o)
                0x0000000008005e4c                __sf_fake_stderr
 .rodata.__sf_fake_stdin
                0x0000000008005e6c       0x20 c:/st/stm32cubeide_1.11.2/stm32cubeide/plugins/com.st.stm32cube.ide.mcu.externaltools.gnu-tools-for-stm32.10.3-2021.10.win32_1.0.100.202210260954/tools/bin/../lib/gcc/arm-none-eabi/10.3.1/../../../../arm-none-eabi/lib/thumb/v7-m/nofp\libc_nano.a(lib_a-findfp.o)
                0x0000000008005e6c                __sf_fake_stdin
 .rodata.__sf_fake_stdout
                0x0000000008005e8c       0x20 c:/st/stm32cubeide_1.11.2/stm32cubeide/plugins/com.st.stm32cube.ide.mcu.externaltools.gnu-tools-for-stm32.10.3-2021.10.win32_1.0.100.202210260954/tools/bin/../lib/gcc/arm-none-eabi/10.3.1/../../../../arm-none-eabi/lib/thumb/v7-m/nofp\libc_nano.a(lib_a-findfp.o)
                0x0000000008005e8c                __sf_fake_stdout
                0x0000000008005eac                . = ALIGN (0x4)

.rel.dyn        0x0000000008005eac        0x0
 .rel.iplt      0x0000000008005eac        0x0 c:/st/stm32cubeide_1.11.2/stm32cubeide/plugins/com.st.stm32cube.ide.mcu.externaltools.gnu-tools-for-stm32.10.3-2021.10.win32_1.0.100.202210260954/tools/bin/../lib/gcc/arm-none-eabi/10.3.1/thumb/v7-m/nofp/crtbegin.o

.ARM.extab      0x0000000008005eac        0x0
                0x0000000008005eac                . = ALIGN (0x4)
 *(.ARM.extab* .gnu.linkonce.armextab.*)
                0x0000000008005eac                . = ALIGN (0x4)

.ARM            0x0000000008005eac        0x0
                0x0000000008005eac                . = ALIGN (0x4)
                0x0000000008005eac                __exidx_start = .
 *(.ARM.exidx*)
                0x0000000008005eac                __exidx_end = .
                0x0000000008005eac                . = ALIGN (0x4)

.preinit_array  0x0000000008005eac        0x0
                0x0000000008005eac                . = ALIGN (0x4)
                0x0000000008005eac                PROVIDE (__preinit_array_start = .)
 *(.preinit_array*)
                0x0000000008005eac                PROVIDE (__preinit_array_end = .)
                0x0000000008005eac                . = ALIGN (0x4)

.init_array     0x0000000008005eac        0x4
                0x0000000008005eac                . = ALIGN (0x4)
                0x0000000008005eac                PROVIDE (__init_array_start = .)
 *(SORT_BY_NAME(.init_array.*))
 *(.init_array*)
 .init_array    0x0000000008005eac        0x4 c:/st/stm32cubeide_1.11.2/stm32cubeide/plugins/com.st.stm32cube.ide.mcu.externaltools.gnu-tools-for-stm32.10.3-2021.10.win32_1.0.100.202210260954/tools/bin/../lib/gcc/arm-none-eabi/10.3.1/thumb/v7-m/nofp/crtbegin.o
                0x0000000008005eb0                PROVIDE (__init_array_end = .)
                0x0000000008005eb0                . = ALIGN (0x4)

.fini_array     0x0000000008005eb0        0x4
                0x0000000008005eb0                . = ALIGN (0x4)
                [!provide]                        PROVIDE (__fini_array_start = .)
 *(SORT_BY_NAME(.fini_array.*))
 *(.fini_array*)
 .fini_array    0x0000000008005eb0        0x4 c:/st/stm32cubeide_1.11.2/stm32cubeide/plugins/com.st.stm32cube.ide.mcu.externaltools.gnu-tools-for-stm32.10.3-2021.10.win32_1.0.100.202210260954/tools/bin/../lib/gcc/arm-none-eabi/10.3.1/thumb/v7-m/nofp/crtbegin.o
                [!provide]                        PROVIDE (__fini_array_end = .)
                0x0000000008005eb4                . = ALIGN (0x4)
                0x0000000008005eb4                _sidata = LOADADDR (.data)

.data           0x0000000020000000       0x7c load address 0x0000000008005eb4
                0x0000000020000000                . = ALIGN (0x4)
                0x0000000020000000                _sdata = .
 *(.data)
 *(.data*)
 .data.x.1      0x0000000020000000        0x4 ./Core/Src/main.o
 .data.y.0      0x0000000020000004        0x4 ./Core/Src/main.o
 .data.SystemCoreClock
                0x0000000020000008        0x4 ./Core/Src/system_stm32f1xx.o
                0x0000000020000008                SystemCoreClock
 .data.uwTickPrio
                0x000000002000000c        0x4 ./Drivers/STM32F1xx_HAL_Driver/Src/stm32f1xx_hal.o
                0x000000002000000c                uwTickPrio
 .data.uwTickFreq
                0x0000000020000010        0x1 ./Drivers/STM32F1xx_HAL_Driver/Src/stm32f1xx_hal.o
                0x0000000020000010                uwTickFreq
 *fill*         0x0000000020000011        0x3 
 .data.uxCriticalNesting
                0x0000000020000014        0x4 ./Middlewares/Third_Party/FreeRTOS/Source/portable/GCC/ARM_CM3/port.o
 .data._impure_ptr
                0x0000000020000018        0x4 c:/st/stm32cubeide_1.11.2/stm32cubeide/plugins/com.st.stm32cube.ide.mcu.externaltools.gnu-tools-for-stm32.10.3-2021.10.win32_1.0.100.202210260954/tools/bin/../lib/gcc/arm-none-eabi/10.3.1/../../../../arm-none-eabi/lib/thumb/v7-m/nofp\libc_nano.a(lib_a-impure.o)
                0x0000000020000018                _impure_ptr
 .data.impure_data
                0x000000002000001c       0x60 c:/st/stm32cubeide_1.11.2/stm32cubeide/plugins/com.st.stm32cube.ide.mcu.externaltools.gnu-tools-for-stm32.10.3-2021.10.win32_1.0.100.202210260954/tools/bin/../lib/gcc/arm-none-eabi/10.3.1/../../../../arm-none-eabi/lib/thumb/v7-m/nofp\libc_nano.a(lib_a-impure.o)
 *(.RamFunc)
 *(.RamFunc*)
                0x000000002000007c                . = ALIGN (0x4)
                0x000000002000007c                _edata = .

.igot.plt       0x000000002000007c        0x0 load address 0x0000000008005f30
 .igot.plt      0x000000002000007c        0x0 c:/st/stm32cubeide_1.11.2/stm32cubeide/plugins/com.st.stm32cube.ide.mcu.externaltools.gnu-tools-for-stm32.10.3-2021.10.win32_1.0.100.202210260954/tools/bin/../lib/gcc/arm-none-eabi/10.3.1/thumb/v7-m/nofp/crtbegin.o
                0x000000002000007c                . = ALIGN (0x4)

.bss            0x000000002000007c     0x3b84 load address 0x0000000008005f30
                0x000000002000007c                _sbss = .
                0x000000002000007c                __bss_start__ = _sbss
 *(.bss)
 .bss           0x000000002000007c       0x1c c:/st/stm32cubeide_1.11.2/stm32cubeide/plugins/com.st.stm32cube.ide.mcu.externaltools.gnu-tools-for-stm32.10.3-2021.10.win32_1.0.100.202210260954/tools/bin/../lib/gcc/arm-none-eabi/10.3.1/thumb/v7-m/nofp/crtbegin.o
 *(.bss*)
 .bss.fb        0x0000000020000098      0x1f8 ./Core/Src/NOKIA5110_fb.o
 .bss.indice_fb
                0x0000000020000290        0x4 ./Core/Src/NOKIA5110_fb.o
 .bss.lfsr      0x0000000020000294        0x4 ./Core/Src/PRNG_LFSR.o
                0x0000000020000294                lfsr
 .bss.xIdleTaskTCBBuffer
                0x0000000020000298       0xc4 ./Core/Src/freertos.o
 .bss.xIdleStack
                0x000000002000035c      0x200 ./Core/Src/freertos.o
 .bss.hadc1     0x000000002000055c       0x30 ./Core/Src/main.o
                0x000000002000055c                hadc1
 .bss.hdma_adc1
                0x000000002000058c       0x44 ./Core/Src/main.o
                0x000000002000058c                hdma_adc1
 .bss.defaultTaskHandle
                0x00000000200005d0        0x4 ./Core/Src/main.o
                0x00000000200005d0                defaultTaskHandle
 .bss.defaultTaskBuffer
                0x00000000200005d4      0x200 ./Core/Src/main.o
                0x00000000200005d4                defaultTaskBuffer
 .bss.defaultTaskControlBlock
                0x00000000200007d4       0xc4 ./Core/Src/main.o
                0x00000000200007d4                defaultTaskControlBlock
 .bss.nave0p    0x0000000020000898       0x18 ./Core/Src/main.o
                0x0000000020000898                nave0p
 .bss.nave2p    0x00000000200008b0       0x18 ./Core/Src/main.o
                0x00000000200008b0                nave2p
 .bss.FLAGS     0x00000000200008c8        0x4 ./Core/Src/main.o
                0x00000000200008c8                FLAGS
 .bss.cont_tiros0
                0x00000000200008cc        0x4 ./Core/Src/main.o
                0x00000000200008cc                cont_tiros0
 .bss.cont_naves1
                0x00000000200008d0        0x4 ./Core/Src/main.o
                0x00000000200008d0                cont_naves1
 .bss.tiros0XY  0x00000000200008d4       0x50 ./Core/Src/main.o
                0x00000000200008d4                tiros0XY
 .bss.naves1XY  0x0000000020000924       0xf0 ./Core/Src/main.o
                0x0000000020000924                naves1XY
 .bss.tiros2XY  0x0000000020000a14       0x28 ./Core/Src/main.o
                0x0000000020000a14                tiros2XY
 .bss.cont_tiros2
                0x0000000020000a3c        0x4 ./Core/Src/main.o
                0x0000000020000a3c                cont_tiros2
 .bss.score     0x0000000020000a40        0x4 ./Core/Src/main.o
                0x0000000020000a40                score
 .bss.score_nave2
                0x0000000020000a44        0x4 ./Core/Src/main.o
                0x0000000020000a44                score_nave2
 .bss.ADC_buffer
                0x0000000020000a48        0x8 ./Core/Src/main.o
                0x0000000020000a48                ADC_buffer
 .bss.valor_ADC
                0x0000000020000a50        0x8 ./Core/Src/main.o
                0x0000000020000a50                valor_ADC
 .bss.dif_eixoX.3
                0x0000000020000a58        0x4 ./Core/Src/main.o
 .bss.dif_eixoY.2
                0x0000000020000a5c        0x4 ./Core/Src/main.o
 .bss.htim4     0x0000000020000a60       0x48 ./Core/Src/stm32f1xx_hal_timebase_tim.o
                0x0000000020000a60                htim4
 .bss.uwTick    0x0000000020000aa8        0x4 ./Drivers/STM32F1xx_HAL_Driver/Src/stm32f1xx_hal.o
                0x0000000020000aa8                uwTick
 .bss.pxCurrentTCB
                0x0000000020000aac        0x4 ./Middlewares/Third_Party/FreeRTOS/Source/tasks.o
                0x0000000020000aac                pxCurrentTCB
 .bss.pxReadyTasksLists
                0x0000000020000ab0       0x8c ./Middlewares/Third_Party/FreeRTOS/Source/tasks.o
 .bss.xDelayedTaskList1
                0x0000000020000b3c       0x14 ./Middlewares/Third_Party/FreeRTOS/Source/tasks.o
 .bss.xDelayedTaskList2
                0x0000000020000b50       0x14 ./Middlewares/Third_Party/FreeRTOS/Source/tasks.o
 .bss.pxDelayedTaskList
                0x0000000020000b64        0x4 ./Middlewares/Third_Party/FreeRTOS/Source/tasks.o
 .bss.pxOverflowDelayedTaskList
                0x0000000020000b68        0x4 ./Middlewares/Third_Party/FreeRTOS/Source/tasks.o
 .bss.xPendingReadyList
                0x0000000020000b6c       0x14 ./Middlewares/Third_Party/FreeRTOS/Source/tasks.o
 .bss.xTasksWaitingTermination
                0x0000000020000b80       0x14 ./Middlewares/Third_Party/FreeRTOS/Source/tasks.o
 .bss.uxDeletedTasksWaitingCleanUp
                0x0000000020000b94        0x4 ./Middlewares/Third_Party/FreeRTOS/Source/tasks.o
 .bss.xSuspendedTaskList
                0x0000000020000b98       0x14 ./Middlewares/Third_Party/FreeRTOS/Source/tasks.o
 .bss.uxCurrentNumberOfTasks
                0x0000000020000bac        0x4 ./Middlewares/Third_Party/FreeRTOS/Source/tasks.o
 .bss.xTickCount
                0x0000000020000bb0        0x4 ./Middlewares/Third_Party/FreeRTOS/Source/tasks.o
 .bss.uxTopReadyPriority
                0x0000000020000bb4        0x4 ./Middlewares/Third_Party/FreeRTOS/Source/tasks.o
 .bss.xSchedulerRunning
                0x0000000020000bb8        0x4 ./Middlewares/Third_Party/FreeRTOS/Source/tasks.o
 .bss.uxPendedTicks
                0x0000000020000bbc        0x4 ./Middlewares/Third_Party/FreeRTOS/Source/tasks.o
 .bss.xYieldPending
                0x0000000020000bc0        0x4 ./Middlewares/Third_Party/FreeRTOS/Source/tasks.o
 .bss.xNumOfOverflows
                0x0000000020000bc4        0x4 ./Middlewares/Third_Party/FreeRTOS/Source/tasks.o
 .bss.uxTaskNumber
                0x0000000020000bc8        0x4 ./Middlewares/Third_Party/FreeRTOS/Source/tasks.o
 .bss.xNextTaskUnblockTime
                0x0000000020000bcc        0x4 ./Middlewares/Third_Party/FreeRTOS/Source/tasks.o
 .bss.xIdleTaskHandle
                0x0000000020000bd0        0x4 ./Middlewares/Third_Party/FreeRTOS/Source/tasks.o
 .bss.uxSchedulerSuspended
                0x0000000020000bd4        0x4 ./Middlewares/Third_Party/FreeRTOS/Source/tasks.o
 .bss.ucMaxSysCallPriority
                0x0000000020000bd8        0x1 ./Middlewares/Third_Party/FreeRTOS/Source/portable/GCC/ARM_CM3/port.o
 *fill*         0x0000000020000bd9        0x3 
 .bss.ulMaxPRIGROUPValue
                0x0000000020000bdc        0x4 ./Middlewares/Third_Party/FreeRTOS/Source/portable/GCC/ARM_CM3/port.o
 .bss.ucHeap    0x0000000020000be0     0x3000 ./Middlewares/Third_Party/FreeRTOS/Source/portable/MemMang/heap_4.o
 .bss.xStart    0x0000000020003be0        0x8 ./Middlewares/Third_Party/FreeRTOS/Source/portable/MemMang/heap_4.o
 .bss.pxEnd     0x0000000020003be8        0x4 ./Middlewares/Third_Party/FreeRTOS/Source/portable/MemMang/heap_4.o
 .bss.xFreeBytesRemaining
                0x0000000020003bec        0x4 ./Middlewares/Third_Party/FreeRTOS/Source/portable/MemMang/heap_4.o
 .bss.xMinimumEverFreeBytesRemaining
                0x0000000020003bf0        0x4 ./Middlewares/Third_Party/FreeRTOS/Source/portable/MemMang/heap_4.o
 .bss.xBlockAllocatedBit
                0x0000000020003bf4        0x4 ./Middlewares/Third_Party/FreeRTOS/Source/portable/MemMang/heap_4.o
 .bss.__lock___malloc_recursive_mutex
                0x0000000020003bf8        0x1 c:/st/stm32cubeide_1.11.2/stm32cubeide/plugins/com.st.stm32cube.ide.mcu.externaltools.gnu-tools-for-stm32.10.3-2021.10.win32_1.0.100.202210260954/tools/bin/../lib/gcc/arm-none-eabi/10.3.1/../../../../arm-none-eabi/lib/thumb/v7-m/nofp\libc_nano.a(lib_a-lock.o)
                0x0000000020003bf8                __lock___malloc_recursive_mutex
 *fill*         0x0000000020003bf9        0x3 
 .bss.__malloc_free_list
                0x0000000020003bfc        0x4 c:/st/stm32cubeide_1.11.2/stm32cubeide/plugins/com.st.stm32cube.ide.mcu.externaltools.gnu-tools-for-stm32.10.3-2021.10.win32_1.0.100.202210260954/tools/bin/../lib/gcc/arm-none-eabi/10.3.1/../../../../arm-none-eabi/lib/thumb/v7-m/nofp\libc_nano.a(lib_a-nano-mallocr.o)
                0x0000000020003bfc                __malloc_free_list
 *(COMMON)
                0x0000000020003c00                . = ALIGN (0x4)
                0x0000000020003c00                _ebss = .
                0x0000000020003c00                __bss_end__ = _ebss

._user_heap_stack
                0x0000000020003c00      0x600 load address 0x0000000008005f30
                0x0000000020003c00                . = ALIGN (0x8)
                [!provide]                        PROVIDE (end = .)
                0x0000000020003c00                PROVIDE (_end = .)
                0x0000000020003e00                . = (. + _Min_Heap_Size)
 *fill*         0x0000000020003c00      0x200 
                0x0000000020004200                . = (. + _Min_Stack_Size)
 *fill*         0x0000000020003e00      0x400 
                0x0000000020004200                . = ALIGN (0x8)

/DISCARD/
 libc.a(*)
 libm.a(*)
 libgcc.a(*)

.ARM.attributes
                0x0000000000000000       0x29
 *(.ARM.attributes)
 .ARM.attributes
                0x0000000000000000       0x1d c:/st/stm32cubeide_1.11.2/stm32cubeide/plugins/com.st.stm32cube.ide.mcu.externaltools.gnu-tools-for-stm32.10.3-2021.10.win32_1.0.100.202210260954/tools/bin/../lib/gcc/arm-none-eabi/10.3.1/thumb/v7-m/nofp/crti.o
 .ARM.attributes
                0x000000000000001d       0x2d c:/st/stm32cubeide_1.11.2/stm32cubeide/plugins/com.st.stm32cube.ide.mcu.externaltools.gnu-tools-for-stm32.10.3-2021.10.win32_1.0.100.202210260954/tools/bin/../lib/gcc/arm-none-eabi/10.3.1/thumb/v7-m/nofp/crtbegin.o
 .ARM.attributes
                0x000000000000004a       0x2d ./Core/Src/NOKIA5110_fb.o
 .ARM.attributes
                0x0000000000000077       0x2d ./Core/Src/PRNG_LFSR.o
 .ARM.attributes
                0x00000000000000a4       0x2d ./Core/Src/atraso.o
 .ARM.attributes
                0x00000000000000d1       0x2d ./Core/Src/freertos.o
 .ARM.attributes
                0x00000000000000fe       0x2d ./Core/Src/main.o
 .ARM.attributes
                0x000000000000012b       0x2d ./Core/Src/stm32f1xx_hal_msp.o
 .ARM.attributes
                0x0000000000000158       0x2d ./Core/Src/stm32f1xx_hal_timebase_tim.o
 .ARM.attributes
                0x0000000000000185       0x2d ./Core/Src/stm32f1xx_it.o
 .ARM.attributes
                0x00000000000001b2       0x2d ./Core/Src/system_stm32f1xx.o
 .ARM.attributes
                0x00000000000001df       0x21 ./Core/Startup/startup_stm32f103c8tx.o
 .ARM.attributes
                0x0000000000000200       0x2d ./Drivers/STM32F1xx_HAL_Driver/Src/stm32f1xx_hal.o
 .ARM.attributes
                0x000000000000022d       0x2d ./Drivers/STM32F1xx_HAL_Driver/Src/stm32f1xx_hal_adc.o
 .ARM.attributes
                0x000000000000025a       0x2d ./Drivers/STM32F1xx_HAL_Driver/Src/stm32f1xx_hal_adc_ex.o
 .ARM.attributes
                0x0000000000000287       0x2d ./Drivers/STM32F1xx_HAL_Driver/Src/stm32f1xx_hal_cortex.o
 .ARM.attributes
                0x00000000000002b4       0x2d ./Drivers/STM32F1xx_HAL_Driver/Src/stm32f1xx_hal_dma.o
 .ARM.attributes
                0x00000000000002e1       0x2d ./Drivers/STM32F1xx_HAL_Driver/Src/stm32f1xx_hal_gpio.o
 .ARM.attributes
                0x000000000000030e       0x2d ./Drivers/STM32F1xx_HAL_Driver/Src/stm32f1xx_hal_rcc.o
 .ARM.attributes
                0x000000000000033b       0x2d ./Drivers/STM32F1xx_HAL_Driver/Src/stm32f1xx_hal_rcc_ex.o
 .ARM.attributes
                0x0000000000000368       0x2d ./Drivers/STM32F1xx_HAL_Driver/Src/stm32f1xx_hal_tim.o
 .ARM.attributes
                0x0000000000000395       0x2d ./Drivers/STM32F1xx_HAL_Driver/Src/stm32f1xx_hal_tim_ex.o
 .ARM.attributes
                0x00000000000003c2       0x2d ./Middlewares/Third_Party/FreeRTOS/Source/CMSIS_RTOS/cmsis_os.o
 .ARM.attributes
                0x00000000000003ef       0x2d ./Middlewares/Third_Party/FreeRTOS/Source/list.o
 .ARM.attributes
                0x000000000000041c       0x2d ./Middlewares/Third_Party/FreeRTOS/Source/tasks.o
 .ARM.attributes
                0x0000000000000449       0x2d ./Middlewares/Third_Party/FreeRTOS/Source/portable/GCC/ARM_CM3/port.o
 .ARM.attributes
                0x0000000000000476       0x2d ./Middlewares/Third_Party/FreeRTOS/Source/portable/MemMang/heap_4.o
 .ARM.attributes
                0x00000000000004a3       0x2d c:/st/stm32cubeide_1.11.2/stm32cubeide/plugins/com.st.stm32cube.ide.mcu.externaltools.gnu-tools-for-stm32.10.3-2021.10.win32_1.0.100.202210260954/tools/bin/../lib/gcc/arm-none-eabi/10.3.1/../../../../arm-none-eabi/lib/thumb/v7-m/nofp\libc_nano.a(lib_a-findfp.o)
 .ARM.attributes
                0x00000000000004d0       0x2d c:/st/stm32cubeide_1.11.2/stm32cubeide/plugins/com.st.stm32cube.ide.mcu.externaltools.gnu-tools-for-stm32.10.3-2021.10.win32_1.0.100.202210260954/tools/bin/../lib/gcc/arm-none-eabi/10.3.1/../../../../arm-none-eabi/lib/thumb/v7-m/nofp\libc_nano.a(lib_a-impure.o)
 .ARM.attributes
                0x00000000000004fd       0x2d c:/st/stm32cubeide_1.11.2/stm32cubeide/plugins/com.st.stm32cube.ide.mcu.externaltools.gnu-tools-for-stm32.10.3-2021.10.win32_1.0.100.202210260954/tools/bin/../lib/gcc/arm-none-eabi/10.3.1/../../../../arm-none-eabi/lib/thumb/v7-m/nofp\libc_nano.a(lib_a-init.o)
 .ARM.attributes
                0x000000000000052a       0x2d c:/st/stm32cubeide_1.11.2/stm32cubeide/plugins/com.st.stm32cube.ide.mcu.externaltools.gnu-tools-for-stm32.10.3-2021.10.win32_1.0.100.202210260954/tools/bin/../lib/gcc/arm-none-eabi/10.3.1/../../../../arm-none-eabi/lib/thumb/v7-m/nofp\libc_nano.a(lib_a-lock.o)
 .ARM.attributes
                0x0000000000000557       0x2d c:/st/stm32cubeide_1.11.2/stm32cubeide/plugins/com.st.stm32cube.ide.mcu.externaltools.gnu-tools-for-stm32.10.3-2021.10.win32_1.0.100.202210260954/tools/bin/../lib/gcc/arm-none-eabi/10.3.1/../../../../arm-none-eabi/lib/thumb/v7-m/nofp\libc_nano.a(lib_a-memset.o)
 .ARM.attributes
                0x0000000000000584       0x2d c:/st/stm32cubeide_1.11.2/stm32cubeide/plugins/com.st.stm32cube.ide.mcu.externaltools.gnu-tools-for-stm32.10.3-2021.10.win32_1.0.100.202210260954/tools/bin/../lib/gcc/arm-none-eabi/10.3.1/../../../../arm-none-eabi/lib/thumb/v7-m/nofp\libc_nano.a(lib_a-nano-mallocr.o)
 .ARM.attributes
                0x00000000000005b1       0x2d c:/st/stm32cubeide_1.11.2/stm32cubeide/plugins/com.st.stm32cube.ide.mcu.externaltools.gnu-tools-for-stm32.10.3-2021.10.win32_1.0.100.202210260954/tools/bin/../lib/gcc/arm-none-eabi/10.3.1/../../../../arm-none-eabi/lib/thumb/v7-m/nofp\libc_nano.a(lib_a-reent.o)
 .ARM.attributes
                0x00000000000005de       0x2d c:/st/stm32cubeide_1.11.2/stm32cubeide/plugins/com.st.stm32cube.ide.mcu.externaltools.gnu-tools-for-stm32.10.3-2021.10.win32_1.0.100.202210260954/tools/bin/../lib/gcc/arm-none-eabi/10.3.1/../../../../arm-none-eabi/lib/thumb/v7-m/nofp\libc_nano.a(lib_a-mlock.o)
 .ARM.attributes
                0x000000000000060b       0x2d c:/st/stm32cubeide_1.11.2/stm32cubeide/plugins/com.st.stm32cube.ide.mcu.externaltools.gnu-tools-for-stm32.10.3-2021.10.win32_1.0.100.202210260954/tools/bin/../lib/gcc/arm-none-eabi/10.3.1/../../../../arm-none-eabi/lib/thumb/v7-m/nofp\libc_nano.a(lib_a-nano-freer.o)
 .ARM.attributes
                0x0000000000000638       0x1d c:/st/stm32cubeide_1.11.2/stm32cubeide/plugins/com.st.stm32cube.ide.mcu.externaltools.gnu-tools-for-stm32.10.3-2021.10.win32_1.0.100.202210260954/tools/bin/../lib/gcc/arm-none-eabi/10.3.1/thumb/v7-m/nofp/crtn.o
OUTPUT(Game_Borges_Invaders_STM32F103C8.elf elf32-littlearm)
LOAD linker stubs
LOAD c:/st/stm32cubeide_1.11.2/stm32cubeide/plugins/com.st.stm32cube.ide.mcu.externaltools.gnu-tools-for-stm32.10.3-2021.10.win32_1.0.100.202210260954/tools/bin/../lib/gcc/arm-none-eabi/10.3.1/../../../../arm-none-eabi/lib/thumb/v7-m/nofp\libc.a
LOAD c:/st/stm32cubeide_1.11.2/stm32cubeide/plugins/com.st.stm32cube.ide.mcu.externaltools.gnu-tools-for-stm32.10.3-2021.10.win32_1.0.100.202210260954/tools/bin/../lib/gcc/arm-none-eabi/10.3.1/../../../../arm-none-eabi/lib/thumb/v7-m/nofp\libm.a
LOAD c:/st/stm32cubeide_1.11.2/stm32cubeide/plugins/com.st.stm32cube.ide.mcu.externaltools.gnu-tools-for-stm32.10.3-2021.10.win32_1.0.100.202210260954/tools/bin/../lib/gcc/arm-none-eabi/10.3.1/thumb/v7-m/nofp\libgcc.a

.debug_info     0x0000000000000000    0x12f24
 .debug_info    0x0000000000000000      0x8f8 ./Core/Src/NOKIA5110_fb.o
 .debug_info    0x00000000000008f8       0xf4 ./Core/Src/PRNG_LFSR.o
 .debug_info    0x00000000000009ec       0xf6 ./Core/Src/atraso.o
 .debug_info    0x0000000000000ae2      0x9b6 ./Core/Src/freertos.o
 .debug_info    0x0000000000001498     0x2263 ./Core/Src/main.o
 .debug_info    0x00000000000036fb      0xa1b ./Core/Src/stm32f1xx_hal_msp.o
 .debug_info    0x0000000000004116      0x9fd ./Core/Src/stm32f1xx_hal_timebase_tim.o
 .debug_info    0x0000000000004b13      0x936 ./Core/Src/stm32f1xx_it.o
 .debug_info    0x0000000000005449      0x23d ./Core/Src/system_stm32f1xx.o
 .debug_info    0x0000000000005686       0x22 ./Core/Startup/startup_stm32f103c8tx.o
 .debug_info    0x00000000000056a8      0x734 ./Drivers/STM32F1xx_HAL_Driver/Src/stm32f1xx_hal.o
 .debug_info    0x0000000000005ddc      0xcfe ./Drivers/STM32F1xx_HAL_Driver/Src/stm32f1xx_hal_adc.o
 .debug_info    0x0000000000006ada      0xa94 ./Drivers/STM32F1xx_HAL_Driver/Src/stm32f1xx_hal_adc_ex.o
 .debug_info    0x000000000000756e      0xb20 ./Drivers/STM32F1xx_HAL_Driver/Src/stm32f1xx_hal_cortex.o
 .debug_info    0x000000000000808e      0x744 ./Drivers/STM32F1xx_HAL_Driver/Src/stm32f1xx_hal_dma.o
 .debug_info    0x00000000000087d2      0x615 ./Drivers/STM32F1xx_HAL_Driver/Src/stm32f1xx_hal_gpio.o
 .debug_info    0x0000000000008de7      0x865 ./Drivers/STM32F1xx_HAL_Driver/Src/stm32f1xx_hal_rcc.o
 .debug_info    0x000000000000964c      0x3e6 ./Drivers/STM32F1xx_HAL_Driver/Src/stm32f1xx_hal_rcc_ex.o
 .debug_info    0x0000000000009a32     0x2bab ./Drivers/STM32F1xx_HAL_Driver/Src/stm32f1xx_hal_tim.o
 .debug_info    0x000000000000c5dd     0x15c7 ./Drivers/STM32F1xx_HAL_Driver/Src/stm32f1xx_hal_tim_ex.o
 .debug_info    0x000000000000dba4     0x232c ./Middlewares/Third_Party/FreeRTOS/Source/CMSIS_RTOS/cmsis_os.o
 .debug_info    0x000000000000fed0      0x2cb ./Middlewares/Third_Party/FreeRTOS/Source/list.o
 .debug_info    0x000000000001019b     0x24ea ./Middlewares/Third_Party/FreeRTOS/Source/tasks.o
 .debug_info    0x0000000000012685      0x4b7 ./Middlewares/Third_Party/FreeRTOS/Source/portable/GCC/ARM_CM3/port.o
 .debug_info    0x0000000000012b3c      0x3e8 ./Middlewares/Third_Party/FreeRTOS/Source/portable/MemMang/heap_4.o

.debug_abbrev   0x0000000000000000     0x3254
 .debug_abbrev  0x0000000000000000      0x291 ./Core/Src/NOKIA5110_fb.o
 .debug_abbrev  0x0000000000000291       0xa7 ./Core/Src/PRNG_LFSR.o
 .debug_abbrev  0x0000000000000338       0x83 ./Core/Src/atraso.o
 .debug_abbrev  0x00000000000003bb      0x169 ./Core/Src/freertos.o
 .debug_abbrev  0x0000000000000524      0x39b ./Core/Src/main.o
 .debug_abbrev  0x00000000000008bf      0x1ef ./Core/Src/stm32f1xx_hal_msp.o
 .debug_abbrev  0x0000000000000aae      0x1e6 ./Core/Src/stm32f1xx_hal_timebase_tim.o
 .debug_abbrev  0x0000000000000c94      0x182 ./Core/Src/stm32f1xx_it.o
 .debug_abbrev  0x0000000000000e16      0x13b ./Core/Src/system_stm32f1xx.o
 .debug_abbrev  0x0000000000000f51       0x12 ./Core/Startup/startup_stm32f103c8tx.o
 .debug_abbrev  0x0000000000000f63      0x1fb ./Drivers/STM32F1xx_HAL_Driver/Src/stm32f1xx_hal.o
 .debug_abbrev  0x000000000000115e      0x210 ./Drivers/STM32F1xx_HAL_Driver/Src/stm32f1xx_hal_adc.o
 .debug_abbrev  0x000000000000136e      0x234 ./Drivers/STM32F1xx_HAL_Driver/Src/stm32f1xx_hal_adc_ex.o
 .debug_abbrev  0x00000000000015a2      0x2ed ./Drivers/STM32F1xx_HAL_Driver/Src/stm32f1xx_hal_cortex.o
 .debug_abbrev  0x000000000000188f      0x1fe ./Drivers/STM32F1xx_HAL_Driver/Src/stm32f1xx_hal_dma.o
 .debug_abbrev  0x0000000000001a8d      0x1bb ./Drivers/STM32F1xx_HAL_Driver/Src/stm32f1xx_hal_gpio.o
 .debug_abbrev  0x0000000000001c48      0x2a8 ./Drivers/STM32F1xx_HAL_Driver/Src/stm32f1xx_hal_rcc.o
 .debug_abbrev  0x0000000000001ef0      0x182 ./Drivers/STM32F1xx_HAL_Driver/Src/stm32f1xx_hal_rcc_ex.o
 .debug_abbrev  0x0000000000002072      0x264 ./Drivers/STM32F1xx_HAL_Driver/Src/stm32f1xx_hal_tim.o
 .debug_abbrev  0x00000000000022d6      0x26c ./Drivers/STM32F1xx_HAL_Driver/Src/stm32f1xx_hal_tim_ex.o
 .debug_abbrev  0x0000000000002542      0x406 ./Middlewares/Third_Party/FreeRTOS/Source/CMSIS_RTOS/cmsis_os.o
 .debug_abbrev  0x0000000000002948       0xf2 ./Middlewares/Third_Party/FreeRTOS/Source/list.o
 .debug_abbrev  0x0000000000002a3a      0x3c4 ./Middlewares/Third_Party/FreeRTOS/Source/tasks.o
 .debug_abbrev  0x0000000000002dfe      0x257 ./Middlewares/Third_Party/FreeRTOS/Source/portable/GCC/ARM_CM3/port.o
 .debug_abbrev  0x0000000000003055      0x1ff ./Middlewares/Third_Party/FreeRTOS/Source/portable/MemMang/heap_4.o

.debug_aranges  0x0000000000000000     0x1168
 .debug_aranges
                0x0000000000000000       0xa0 ./Core/Src/NOKIA5110_fb.o
 .debug_aranges
                0x00000000000000a0       0x28 ./Core/Src/PRNG_LFSR.o
 .debug_aranges
                0x00000000000000c8       0x30 ./Core/Src/atraso.o
 .debug_aranges
                0x00000000000000f8       0x20 ./Core/Src/freertos.o
 .debug_aranges
                0x0000000000000118       0x98 ./Core/Src/main.o
 .debug_aranges
                0x00000000000001b0       0x30 ./Core/Src/stm32f1xx_hal_msp.o
 .debug_aranges
                0x00000000000001e0       0x30 ./Core/Src/stm32f1xx_hal_timebase_tim.o
 .debug_aranges
                0x0000000000000210       0x60 ./Core/Src/stm32f1xx_it.o
 .debug_aranges
                0x0000000000000270       0x28 ./Core/Src/system_stm32f1xx.o
 .debug_aranges
                0x0000000000000298       0x28 ./Core/Startup/startup_stm32f103c8tx.o
 .debug_aranges
                0x00000000000002c0       0xe0 ./Drivers/STM32F1xx_HAL_Driver/Src/stm32f1xx_hal.o
 .debug_aranges
                0x00000000000003a0       0xf0 ./Drivers/STM32F1xx_HAL_Driver/Src/stm32f1xx_hal_adc.o
 .debug_aranges
                0x0000000000000490       0x80 ./Drivers/STM32F1xx_HAL_Driver/Src/stm32f1xx_hal_adc_ex.o
 .debug_aranges
                0x0000000000000510      0x100 ./Drivers/STM32F1xx_HAL_Driver/Src/stm32f1xx_hal_cortex.o
 .debug_aranges
                0x0000000000000610       0x80 ./Drivers/STM32F1xx_HAL_Driver/Src/stm32f1xx_hal_dma.o
 .debug_aranges
                0x0000000000000690       0x58 ./Drivers/STM32F1xx_HAL_Driver/Src/stm32f1xx_hal_gpio.o
 .debug_aranges
                0x00000000000006e8       0x90 ./Drivers/STM32F1xx_HAL_Driver/Src/stm32f1xx_hal_rcc.o
 .debug_aranges
                0x0000000000000778       0x30 ./Drivers/STM32F1xx_HAL_Driver/Src/stm32f1xx_hal_rcc_ex.o
 .debug_aranges
                0x00000000000007a8      0x3d0 ./Drivers/STM32F1xx_HAL_Driver/Src/stm32f1xx_hal_tim.o
 .debug_aranges
                0x0000000000000b78      0x168 ./Drivers/STM32F1xx_HAL_Driver/Src/stm32f1xx_hal_tim_ex.o
 .debug_aranges
                0x0000000000000ce0      0x1d8 ./Middlewares/Third_Party/FreeRTOS/Source/CMSIS_RTOS/cmsis_os.o
 .debug_aranges
                0x0000000000000eb8       0x40 ./Middlewares/Third_Party/FreeRTOS/Source/list.o
 .debug_aranges
                0x0000000000000ef8      0x1a8 ./Middlewares/Third_Party/FreeRTOS/Source/tasks.o
 .debug_aranges
                0x00000000000010a0       0x78 ./Middlewares/Third_Party/FreeRTOS/Source/portable/GCC/ARM_CM3/port.o
 .debug_aranges
                0x0000000000001118       0x50 ./Middlewares/Third_Party/FreeRTOS/Source/portable/MemMang/heap_4.o

.debug_ranges   0x0000000000000000      0xfe0
 .debug_ranges  0x0000000000000000       0x90 ./Core/Src/NOKIA5110_fb.o
 .debug_ranges  0x0000000000000090       0x18 ./Core/Src/PRNG_LFSR.o
 .debug_ranges  0x00000000000000a8       0x20 ./Core/Src/atraso.o
 .debug_ranges  0x00000000000000c8       0x10 ./Core/Src/freertos.o
 .debug_ranges  0x00000000000000d8       0x88 ./Core/Src/main.o
 .debug_ranges  0x0000000000000160       0x20 ./Core/Src/stm32f1xx_hal_msp.o
 .debug_ranges  0x0000000000000180       0x20 ./Core/Src/stm32f1xx_hal_timebase_tim.o
 .debug_ranges  0x00000000000001a0       0x50 ./Core/Src/stm32f1xx_it.o
 .debug_ranges  0x00000000000001f0       0x18 ./Core/Src/system_stm32f1xx.o
 .debug_ranges  0x0000000000000208       0x20 ./Core/Startup/startup_stm32f103c8tx.o
 .debug_ranges  0x0000000000000228       0xd0 ./Drivers/STM32F1xx_HAL_Driver/Src/stm32f1xx_hal.o
 .debug_ranges  0x00000000000002f8       0xe0 ./Drivers/STM32F1xx_HAL_Driver/Src/stm32f1xx_hal_adc.o
 .debug_ranges  0x00000000000003d8       0x70 ./Drivers/STM32F1xx_HAL_Driver/Src/stm32f1xx_hal_adc_ex.o
 .debug_ranges  0x0000000000000448       0xf0 ./Drivers/STM32F1xx_HAL_Driver/Src/stm32f1xx_hal_cortex.o
 .debug_ranges  0x0000000000000538       0x70 ./Drivers/STM32F1xx_HAL_Driver/Src/stm32f1xx_hal_dma.o
 .debug_ranges  0x00000000000005a8       0x48 ./Drivers/STM32F1xx_HAL_Driver/Src/stm32f1xx_hal_gpio.o
 .debug_ranges  0x00000000000005f0       0x80 ./Drivers/STM32F1xx_HAL_Driver/Src/stm32f1xx_hal_rcc.o
 .debug_ranges  0x0000000000000670       0x20 ./Drivers/STM32F1xx_HAL_Driver/Src/stm32f1xx_hal_rcc_ex.o
 .debug_ranges  0x0000000000000690      0x3c0 ./Drivers/STM32F1xx_HAL_Driver/Src/stm32f1xx_hal_tim.o
 .debug_ranges  0x0000000000000a50      0x158 ./Drivers/STM32F1xx_HAL_Driver/Src/stm32f1xx_hal_tim_ex.o
 .debug_ranges  0x0000000000000ba8      0x1c8 ./Middlewares/Third_Party/FreeRTOS/Source/CMSIS_RTOS/cmsis_os.o
 .debug_ranges  0x0000000000000d70       0x30 ./Middlewares/Third_Party/FreeRTOS/Source/list.o
 .debug_ranges  0x0000000000000da0      0x198 ./Middlewares/Third_Party/FreeRTOS/Source/tasks.o
 .debug_ranges  0x0000000000000f38       0x68 ./Middlewares/Third_Party/FreeRTOS/Source/portable/GCC/ARM_CM3/port.o
 .debug_ranges  0x0000000000000fa0       0x40 ./Middlewares/Third_Party/FreeRTOS/Source/portable/MemMang/heap_4.o

.debug_macro    0x0000000000000000    0x1a580
 .debug_macro   0x0000000000000000      0x29b ./Core/Src/NOKIA5110_fb.o
 .debug_macro   0x000000000000029b      0xa6c ./Core/Src/NOKIA5110_fb.o
 .debug_macro   0x0000000000000d07      0x221 ./Core/Src/NOKIA5110_fb.o
 .debug_macro   0x0000000000000f28       0x2e ./Core/Src/NOKIA5110_fb.o
 .debug_macro   0x0000000000000f56       0x22 ./Core/Src/NOKIA5110_fb.o
 .debug_macro   0x0000000000000f78       0x22 ./Core/Src/NOKIA5110_fb.o
 .debug_macro   0x0000000000000f9a       0x8e ./Core/Src/NOKIA5110_fb.o
 .debug_macro   0x0000000000001028       0x51 ./Core/Src/NOKIA5110_fb.o
 .debug_macro   0x0000000000001079      0x103 ./Core/Src/NOKIA5110_fb.o
 .debug_macro   0x000000000000117c       0x6a ./Core/Src/NOKIA5110_fb.o
 .debug_macro   0x00000000000011e6      0x1df ./Core/Src/NOKIA5110_fb.o
 .debug_macro   0x00000000000013c5       0x1c ./Core/Src/NOKIA5110_fb.o
 .debug_macro   0x00000000000013e1       0x22 ./Core/Src/NOKIA5110_fb.o
 .debug_macro   0x0000000000001403       0xbd ./Core/Src/NOKIA5110_fb.o
 .debug_macro   0x00000000000014c0      0xd23 ./Core/Src/NOKIA5110_fb.o
 .debug_macro   0x00000000000021e3     0xe09e ./Core/Src/NOKIA5110_fb.o
 .debug_macro   0x0000000000010281       0x6d ./Core/Src/NOKIA5110_fb.o
 .debug_macro   0x00000000000102ee     0x348d ./Core/Src/NOKIA5110_fb.o
 .debug_macro   0x000000000001377b      0x174 ./Core/Src/NOKIA5110_fb.o
 .debug_macro   0x00000000000138ef       0x5c ./Core/Src/NOKIA5110_fb.o
 .debug_macro   0x000000000001394b      0x5bc ./Core/Src/NOKIA5110_fb.o
 .debug_macro   0x0000000000013f07      0x289 ./Core/Src/NOKIA5110_fb.o
 .debug_macro   0x0000000000014190      0x1cb ./Core/Src/NOKIA5110_fb.o
 .debug_macro   0x000000000001435b      0x114 ./Core/Src/NOKIA5110_fb.o
 .debug_macro   0x000000000001446f      0x1b2 ./Core/Src/NOKIA5110_fb.o
 .debug_macro   0x0000000000014621       0x27 ./Core/Src/NOKIA5110_fb.o
 .debug_macro   0x0000000000014648      0x136 ./Core/Src/NOKIA5110_fb.o
 .debug_macro   0x000000000001477e      0x1bc ./Core/Src/NOKIA5110_fb.o
 .debug_macro   0x000000000001493a       0x34 ./Core/Src/NOKIA5110_fb.o
 .debug_macro   0x000000000001496e       0x3c ./Core/Src/NOKIA5110_fb.o
 .debug_macro   0x00000000000149aa       0x57 ./Core/Src/NOKIA5110_fb.o
 .debug_macro   0x0000000000014a01      0x46a ./Core/Src/NOKIA5110_fb.o
 .debug_macro   0x0000000000014e6b      0x1b5 ./Core/Src/NOKIA5110_fb.o
 .debug_macro   0x0000000000015020       0x87 ./Core/Src/NOKIA5110_fb.o
 .debug_macro   0x00000000000150a7      0x240 ./Core/Src/NOKIA5110_fb.o
 .debug_macro   0x00000000000152e7      0x140 ./Core/Src/NOKIA5110_fb.o
 .debug_macro   0x0000000000015427      0x8ed ./Core/Src/NOKIA5110_fb.o
 .debug_macro   0x0000000000015d14       0x83 ./Core/Src/NOKIA5110_fb.o
 .debug_macro   0x0000000000015d97       0x2e ./Core/Src/NOKIA5110_fb.o
 .debug_macro   0x0000000000015dc5       0x18 ./Core/Src/NOKIA5110_fb.o
 .debug_macro   0x0000000000015ddd       0x52 ./Core/Src/NOKIA5110_fb.o
 .debug_macro   0x0000000000015e2f       0x3c ./Core/Src/NOKIA5110_fb.o
 .debug_macro   0x0000000000015e6b       0x34 ./Core/Src/NOKIA5110_fb.o
 .debug_macro   0x0000000000015e9f       0x16 ./Core/Src/NOKIA5110_fb.o
 .debug_macro   0x0000000000015eb5       0x35 ./Core/Src/NOKIA5110_fb.o
 .debug_macro   0x0000000000015eea       0x16 ./Core/Src/NOKIA5110_fb.o
 .debug_macro   0x0000000000015f00       0x43 ./Core/Src/NOKIA5110_fb.o
 .debug_macro   0x0000000000015f43       0x34 ./Core/Src/NOKIA5110_fb.o
 .debug_macro   0x0000000000015f77       0x10 ./Core/Src/NOKIA5110_fb.o
 .debug_macro   0x0000000000015f87       0x58 ./Core/Src/NOKIA5110_fb.o
 .debug_macro   0x0000000000015fdf       0x71 ./Core/Src/NOKIA5110_fb.o
 .debug_macro   0x0000000000016050       0x1c ./Core/Src/NOKIA5110_fb.o
 .debug_macro   0x000000000001606c      0x12a ./Core/Src/NOKIA5110_fb.o
 .debug_macro   0x0000000000016196      0x341 ./Core/Src/NOKIA5110_fb.o
 .debug_macro   0x00000000000164d7       0x16 ./Core/Src/NOKIA5110_fb.o
 .debug_macro   0x00000000000164ed       0x29 ./Core/Src/NOKIA5110_fb.o
 .debug_macro   0x0000000000016516       0x52 ./Core/Src/NOKIA5110_fb.o
 .debug_macro   0x0000000000016568      0x1a9 ./Core/Src/PRNG_LFSR.o
 .debug_macro   0x0000000000016711       0x4c ./Core/Src/PRNG_LFSR.o
 .debug_macro   0x000000000001675d       0x94 ./Core/Src/PRNG_LFSR.o
 .debug_macro   0x00000000000167f1       0x16 ./Core/Src/PRNG_LFSR.o
 .debug_macro   0x0000000000016807       0x57 ./Core/Src/PRNG_LFSR.o
 .debug_macro   0x000000000001685e       0x97 ./Core/Src/PRNG_LFSR.o
 .debug_macro   0x00000000000168f5       0xfd ./Core/Src/PRNG_LFSR.o
 .debug_macro   0x00000000000169f2       0x10 ./Core/Src/PRNG_LFSR.o
 .debug_macro   0x0000000000016a02       0x10 ./Core/Src/PRNG_LFSR.o
 .debug_macro   0x0000000000016a12       0x1c ./Core/Src/PRNG_LFSR.o
 .debug_macro   0x0000000000016a2e       0x52 ./Core/Src/PRNG_LFSR.o
 .debug_macro   0x0000000000016a80       0x22 ./Core/Src/PRNG_LFSR.o
 .debug_macro   0x0000000000016aa2       0x10 ./Core/Src/PRNG_LFSR.o
 .debug_macro   0x0000000000016ab2       0x52 ./Core/Src/PRNG_LFSR.o
 .debug_macro   0x0000000000016b04       0xd5 ./Core/Src/PRNG_LFSR.o
 .debug_macro   0x0000000000016bd9       0x1c ./Core/Src/PRNG_LFSR.o
 .debug_macro   0x0000000000016bf5       0x3d ./Core/Src/PRNG_LFSR.o
 .debug_macro   0x0000000000016c32       0x16 ./Core/Src/PRNG_LFSR.o
 .debug_macro   0x0000000000016c48      0x145 ./Core/Src/PRNG_LFSR.o
 .debug_macro   0x0000000000016d8d       0x6d ./Core/Src/atraso.o
 .debug_macro   0x0000000000016dfa      0x2bc ./Core/Src/freertos.o
 .debug_macro   0x00000000000170b6       0xdc ./Core/Src/freertos.o
 .debug_macro   0x0000000000017192      0x15a ./Core/Src/freertos.o
 .debug_macro   0x00000000000172ec       0xd7 ./Core/Src/freertos.o
 .debug_macro   0x00000000000173c3       0x10 ./Core/Src/freertos.o
 .debug_macro   0x00000000000173d3       0x1f ./Core/Src/freertos.o
 .debug_macro   0x00000000000173f2       0x10 ./Core/Src/freertos.o
 .debug_macro   0x0000000000017402      0x4b1 ./Core/Src/freertos.o
 .debug_macro   0x00000000000178b3       0xb5 ./Core/Src/freertos.o
 .debug_macro   0x0000000000017968       0x8c ./Core/Src/freertos.o
 .debug_macro   0x00000000000179f4      0x47d ./Core/Src/main.o
 .debug_macro   0x0000000000017e71       0xdc ./Core/Src/main.o
 .debug_macro   0x0000000000017f4d       0x91 ./Core/Src/main.o
 .debug_macro   0x0000000000017fde       0x8d ./Core/Src/main.o
 .debug_macro   0x000000000001806b       0x7e ./Core/Src/main.o
 .debug_macro   0x00000000000180e9       0x19 ./Core/Src/main.o
 .debug_macro   0x0000000000018102       0xf2 ./Core/Src/main.o
 .debug_macro   0x00000000000181f4       0x1c ./Core/Src/main.o
 .debug_macro   0x0000000000018210      0x1b7 ./Core/Src/stm32f1xx_hal_msp.o
 .debug_macro   0x00000000000183c7      0x1ad ./Core/Src/stm32f1xx_hal_timebase_tim.o
 .debug_macro   0x0000000000018574      0x1c1 ./Core/Src/stm32f1xx_it.o
 .debug_macro   0x0000000000018735      0x1ad ./Core/Src/system_stm32f1xx.o
 .debug_macro   0x00000000000188e2      0x1d1 ./Drivers/STM32F1xx_HAL_Driver/Src/stm32f1xx_hal.o
 .debug_macro   0x0000000000018ab3      0x1ca ./Drivers/STM32F1xx_HAL_Driver/Src/stm32f1xx_hal_adc.o
 .debug_macro   0x0000000000018c7d      0x1bf ./Drivers/STM32F1xx_HAL_Driver/Src/stm32f1xx_hal_adc_ex.o
 .debug_macro   0x0000000000018e3c      0x1ad ./Drivers/STM32F1xx_HAL_Driver/Src/stm32f1xx_hal_cortex.o
 .debug_macro   0x0000000000018fe9      0x1ad ./Drivers/STM32F1xx_HAL_Driver/Src/stm32f1xx_hal_dma.o
 .debug_macro   0x0000000000019196      0x218 ./Drivers/STM32F1xx_HAL_Driver/Src/stm32f1xx_hal_gpio.o
 .debug_macro   0x00000000000193ae      0x1bf ./Drivers/STM32F1xx_HAL_Driver/Src/stm32f1xx_hal_rcc.o
 .debug_macro   0x000000000001956d      0x1ad ./Drivers/STM32F1xx_HAL_Driver/Src/stm32f1xx_hal_rcc_ex.o
 .debug_macro   0x000000000001971a      0x1ae ./Drivers/STM32F1xx_HAL_Driver/Src/stm32f1xx_hal_tim.o
 .debug_macro   0x00000000000198c8      0x1ad ./Drivers/STM32F1xx_HAL_Driver/Src/stm32f1xx_hal_tim_ex.o
 .debug_macro   0x0000000000019a75      0x210 ./Middlewares/Third_Party/FreeRTOS/Source/CMSIS_RTOS/cmsis_os.o
 .debug_macro   0x0000000000019c85       0x10 ./Middlewares/Third_Party/FreeRTOS/Source/CMSIS_RTOS/cmsis_os.o
 .debug_macro   0x0000000000019c95       0x20 ./Middlewares/Third_Party/FreeRTOS/Source/CMSIS_RTOS/cmsis_os.o
 .debug_macro   0x0000000000019cb5       0x16 ./Middlewares/Third_Party/FreeRTOS/Source/CMSIS_RTOS/cmsis_os.o
 .debug_macro   0x0000000000019ccb       0xab ./Middlewares/Third_Party/FreeRTOS/Source/CMSIS_RTOS/cmsis_os.o
 .debug_macro   0x0000000000019d76      0x199 ./Middlewares/Third_Party/FreeRTOS/Source/list.o
 .debug_macro   0x0000000000019f0f      0x292 ./Middlewares/Third_Party/FreeRTOS/Source/tasks.o
 .debug_macro   0x000000000001a1a1       0x10 ./Middlewares/Third_Party/FreeRTOS/Source/tasks.o
 .debug_macro   0x000000000001a1b1      0x20f ./Middlewares/Third_Party/FreeRTOS/Source/portable/GCC/ARM_CM3/port.o
 .debug_macro   0x000000000001a3c0      0x1c0 ./Middlewares/Third_Party/FreeRTOS/Source/portable/MemMang/heap_4.o

.debug_line     0x0000000000000000    0x14448
 .debug_line    0x0000000000000000     0x10d9 ./Core/Src/NOKIA5110_fb.o
 .debug_line    0x00000000000010d9      0x5a2 ./Core/Src/PRNG_LFSR.o
 .debug_line    0x000000000000167b      0x3ce ./Core/Src/atraso.o
 .debug_line    0x0000000000001a49      0x8bd ./Core/Src/freertos.o
 .debug_line    0x0000000000002306     0x1647 ./Core/Src/main.o
 .debug_line    0x000000000000394d      0x701 ./Core/Src/stm32f1xx_hal_msp.o
 .debug_line    0x000000000000404e      0x70d ./Core/Src/stm32f1xx_hal_timebase_tim.o
 .debug_line    0x000000000000475b      0x75f ./Core/Src/stm32f1xx_it.o
 .debug_line    0x0000000000004eba      0x711 ./Core/Src/system_stm32f1xx.o
 .debug_line    0x00000000000055cb       0x84 ./Core/Startup/startup_stm32f103c8tx.o
 .debug_line    0x000000000000564f      0x93e ./Drivers/STM32F1xx_HAL_Driver/Src/stm32f1xx_hal.o
 .debug_line    0x0000000000005f8d      0xfc3 ./Drivers/STM32F1xx_HAL_Driver/Src/stm32f1xx_hal_adc.o
 .debug_line    0x0000000000006f50      0xd07 ./Drivers/STM32F1xx_HAL_Driver/Src/stm32f1xx_hal_adc_ex.o
 .debug_line    0x0000000000007c57      0xb26 ./Drivers/STM32F1xx_HAL_Driver/Src/stm32f1xx_hal_cortex.o
 .debug_line    0x000000000000877d      0xd97 ./Drivers/STM32F1xx_HAL_Driver/Src/stm32f1xx_hal_dma.o
 .debug_line    0x0000000000009514      0x9d7 ./Drivers/STM32F1xx_HAL_Driver/Src/stm32f1xx_hal_gpio.o
 .debug_line    0x0000000000009eeb      0xd4a ./Drivers/STM32F1xx_HAL_Driver/Src/stm32f1xx_hal_rcc.o
 .debug_line    0x000000000000ac35      0x885 ./Drivers/STM32F1xx_HAL_Driver/Src/stm32f1xx_hal_rcc_ex.o
 .debug_line    0x000000000000b4ba     0x33c9 ./Drivers/STM32F1xx_HAL_Driver/Src/stm32f1xx_hal_tim.o
 .debug_line    0x000000000000e883     0x1894 ./Drivers/STM32F1xx_HAL_Driver/Src/stm32f1xx_hal_tim_ex.o
 .debug_line    0x0000000000010117     0x11d6 ./Middlewares/Third_Party/FreeRTOS/Source/CMSIS_RTOS/cmsis_os.o
 .debug_line    0x00000000000112ed      0x711 ./Middlewares/Third_Party/FreeRTOS/Source/list.o
 .debug_line    0x00000000000119fe     0x18f8 ./Middlewares/Third_Party/FreeRTOS/Source/tasks.o
 .debug_line    0x00000000000132f6      0x87f ./Middlewares/Third_Party/FreeRTOS/Source/portable/GCC/ARM_CM3/port.o
 .debug_line    0x0000000000013b75      0x8d3 ./Middlewares/Third_Party/FreeRTOS/Source/portable/MemMang/heap_4.o

.debug_str      0x0000000000000000    0x963ea
 .debug_str     0x0000000000000000    0x89304 ./Core/Src/NOKIA5110_fb.o
                                      0x89661 (size before relaxing)
 .debug_str     0x0000000000089304      0xfe4 ./Core/Src/PRNG_LFSR.o
                                       0x72b3 (size before relaxing)
 .debug_str     0x000000000008a2e8       0x2c ./Core/Src/atraso.o
                                       0x3c19 (size before relaxing)
 .debug_str     0x000000000008a314     0x3e5f ./Core/Src/freertos.o
                                      0x8baa6 (size before relaxing)
 .debug_str     0x000000000008e173     0x323d ./Core/Src/main.o
                                      0x9176d (size before relaxing)
 .debug_str     0x00000000000913b0       0xbc ./Core/Src/stm32f1xx_hal_msp.o
                                      0x869fa (size before relaxing)
 .debug_str     0x000000000009146c      0x107 ./Core/Src/stm32f1xx_hal_timebase_tim.o
                                      0x86bc6 (size before relaxing)
 .debug_str     0x0000000000091573       0xf4 ./Core/Src/stm32f1xx_it.o
                                      0x86930 (size before relaxing)
 .debug_str     0x0000000000091667       0x7e ./Core/Src/system_stm32f1xx.o
                                      0x862fe (size before relaxing)
 .debug_str     0x00000000000916e5       0x36 ./Core/Startup/startup_stm32f103c8tx.o
                                         0x97 (size before relaxing)
 .debug_str     0x000000000009171b      0x340 ./Drivers/STM32F1xx_HAL_Driver/Src/stm32f1xx_hal.o
                                      0x86a31 (size before relaxing)
 .debug_str     0x0000000000091a5b      0x349 ./Drivers/STM32F1xx_HAL_Driver/Src/stm32f1xx_hal_adc.o
                                      0x869e2 (size before relaxing)
 .debug_str     0x0000000000091da4      0x2d8 ./Drivers/STM32F1xx_HAL_Driver/Src/stm32f1xx_hal_adc_ex.o
                                      0x869b2 (size before relaxing)
 .debug_str     0x000000000009207c      0x281 ./Drivers/STM32F1xx_HAL_Driver/Src/stm32f1xx_hal_cortex.o
                                      0x8697d (size before relaxing)
 .debug_str     0x00000000000922fd      0x1e7 ./Drivers/STM32F1xx_HAL_Driver/Src/stm32f1xx_hal_dma.o
                                      0x866a7 (size before relaxing)
 .debug_str     0x00000000000924e4      0x2d0 ./Drivers/STM32F1xx_HAL_Driver/Src/stm32f1xx_hal_gpio.o
                                      0x86684 (size before relaxing)
 .debug_str     0x00000000000927b4      0x1f3 ./Drivers/STM32F1xx_HAL_Driver/Src/stm32f1xx_hal_rcc.o
                                      0x8672d (size before relaxing)
 .debug_str     0x00000000000929a7       0x84 ./Drivers/STM32F1xx_HAL_Driver/Src/stm32f1xx_hal_rcc_ex.o
                                      0x8647d (size before relaxing)
 .debug_str     0x0000000000092a2b      0xe2e ./Drivers/STM32F1xx_HAL_Driver/Src/stm32f1xx_hal_tim.o
                                      0x8771f (size before relaxing)
 .debug_str     0x0000000000093859      0x503 ./Drivers/STM32F1xx_HAL_Driver/Src/stm32f1xx_hal_tim_ex.o
                                      0x86f3b (size before relaxing)
 .debug_str     0x0000000000093d5c      0xabe ./Middlewares/Third_Party/FreeRTOS/Source/CMSIS_RTOS/cmsis_os.o
                                       0xe09b (size before relaxing)
 .debug_str     0x000000000009481a      0x139 ./Middlewares/Third_Party/FreeRTOS/Source/list.o
                                       0xa353 (size before relaxing)
 .debug_str     0x0000000000094953     0x11e6 ./Middlewares/Third_Party/FreeRTOS/Source/tasks.o
                                       0xca12 (size before relaxing)
 .debug_str     0x0000000000095b39      0x66e ./Middlewares/Third_Party/FreeRTOS/Source/portable/GCC/ARM_CM3/port.o
                                       0x9a88 (size before relaxing)
 .debug_str     0x00000000000961a7      0x243 ./Middlewares/Third_Party/FreeRTOS/Source/portable/MemMang/heap_4.o
                                       0xaaa0 (size before relaxing)

.comment        0x0000000000000000       0x50
 .comment       0x0000000000000000       0x50 ./Core/Src/NOKIA5110_fb.o
                                         0x51 (size before relaxing)
 .comment       0x0000000000000050       0x51 ./Core/Src/PRNG_LFSR.o
 .comment       0x0000000000000050       0x51 ./Core/Src/atraso.o
 .comment       0x0000000000000050       0x51 ./Core/Src/freertos.o
 .comment       0x0000000000000050       0x51 ./Core/Src/main.o
 .comment       0x0000000000000050       0x51 ./Core/Src/stm32f1xx_hal_msp.o
 .comment       0x0000000000000050       0x51 ./Core/Src/stm32f1xx_hal_timebase_tim.o
 .comment       0x0000000000000050       0x51 ./Core/Src/stm32f1xx_it.o
 .comment       0x0000000000000050       0x51 ./Core/Src/system_stm32f1xx.o
 .comment       0x0000000000000050       0x51 ./Drivers/STM32F1xx_HAL_Driver/Src/stm32f1xx_hal.o
 .comment       0x0000000000000050       0x51 ./Drivers/STM32F1xx_HAL_Driver/Src/stm32f1xx_hal_adc.o
 .comment       0x0000000000000050       0x51 ./Drivers/STM32F1xx_HAL_Driver/Src/stm32f1xx_hal_adc_ex.o
 .comment       0x0000000000000050       0x51 ./Drivers/STM32F1xx_HAL_Driver/Src/stm32f1xx_hal_cortex.o
 .comment       0x0000000000000050       0x51 ./Drivers/STM32F1xx_HAL_Driver/Src/stm32f1xx_hal_dma.o
 .comment       0x0000000000000050       0x51 ./Drivers/STM32F1xx_HAL_Driver/Src/stm32f1xx_hal_gpio.o
 .comment       0x0000000000000050       0x51 ./Drivers/STM32F1xx_HAL_Driver/Src/stm32f1xx_hal_rcc.o
 .comment       0x0000000000000050       0x51 ./Drivers/STM32F1xx_HAL_Driver/Src/stm32f1xx_hal_rcc_ex.o
 .comment       0x0000000000000050       0x51 ./Drivers/STM32F1xx_HAL_Driver/Src/stm32f1xx_hal_tim.o
 .comment       0x0000000000000050       0x51 ./Drivers/STM32F1xx_HAL_Driver/Src/stm32f1xx_hal_tim_ex.o
 .comment       0x0000000000000050       0x51 ./Middlewares/Third_Party/FreeRTOS/Source/CMSIS_RTOS/cmsis_os.o
 .comment       0x0000000000000050       0x51 ./Middlewares/Third_Party/FreeRTOS/Source/list.o
 .comment       0x0000000000000050       0x51 ./Middlewares/Third_Party/FreeRTOS/Source/tasks.o
 .comment       0x0000000000000050       0x51 ./Middlewares/Third_Party/FreeRTOS/Source/portable/GCC/ARM_CM3/port.o
 .comment       0x0000000000000050       0x51 ./Middlewares/Third_Party/FreeRTOS/Source/portable/MemMang/heap_4.o

.debug_frame    0x0000000000000000     0x4970
 .debug_frame   0x0000000000000000      0x28c ./Core/Src/NOKIA5110_fb.o
 .debug_frame   0x000000000000028c       0x60 ./Core/Src/PRNG_LFSR.o
 .debug_frame   0x00000000000002ec       0x88 ./Core/Src/atraso.o
 .debug_frame   0x0000000000000374       0x38 ./Core/Src/freertos.o